Jan 18 19:55:31 ubuntu rsyslogd: [origin software="rsyslogd" swVersion="7.4.4" x-pid="489" x-info="http://www.rsyslog.com"] start
Jan 18 19:55:31 ubuntu rsyslogd: rsyslogd's groupid changed to 104
Jan 18 19:55:31 ubuntu rsyslogd: rsyslogd's userid changed to 101
Jan 18 19:55:31 ubuntu rsyslogd-2039: Could no open output pipe '/dev/xconsole': No such file or directory [try http://www.rsyslog.com/e/2039 ]
Jan 18 19:55:31 ubuntu kernel: [    0.000000] ACPI: LAPIC (acpi_id[0x7a] lapic_id[0xf4] disabled)
Jan 18 19:55:31 ubuntu kernel: [    0.000000] ACPI: LAPIC (acpi_id[0x7b] lapic_id[0xf6] disabled)
Jan 18 19:55:31 ubuntu kernel: [    0.000000] ACPI: LAPIC (acpi_id[0x7c] lapic_id[0xf8] disabled)
Jan 18 19:55:31 ubuntu kernel: [    0.000000] ACPI: LAPIC (acpi_id[0x7d] lapic_id[0xfa] disabled)
Jan 18 19:55:31 ubuntu kernel: [    0.000000] ACPI: LAPIC (acpi_id[0x7e] lapic_id[0xfc] disabled)
Jan 18 19:55:31 ubuntu kernel: [    0.000000] ACPI: LAPIC (acpi_id[0x7f] lapic_id[0xfe] disabled)
Jan 18 19:55:31 ubuntu kernel: [    0.000000] ACPI: LAPIC_NMI (acpi_id[0x00] high edge lint[0x1])
Jan 18 19:55:31 ubuntu kernel: [    0.000000] ACPI: LAPIC_NMI (acpi_id[0x01] high edge lint[0x1])
Jan 18 19:55:31 ubuntu kernel: [    0.000000] ACPI: LAPIC_NMI (acpi_id[0x02] high edge lint[0x1])
Jan 18 19:55:31 ubuntu kernel: [    0.000000] ACPI: LAPIC_NMI (acpi_id[0x03] high edge lint[0x1])
Jan 18 19:55:31 ubuntu kernel: [    0.000000] ACPI: LAPIC_NMI (acpi_id[0x04] high edge lint[0x1])
Jan 18 19:55:31 ubuntu kernel: [    0.000000] ACPI: LAPIC_NMI (acpi_id[0x05] high edge lint[0x1])
Jan 18 19:55:31 ubuntu kernel: [    0.000000] ACPI: LAPIC_NMI (acpi_id[0x06] high edge lint[0x1])
Jan 18 19:55:31 ubuntu kernel: [    0.000000] ACPI: LAPIC_NMI (acpi_id[0x07] high edge lint[0x1])
Jan 18 19:55:31 ubuntu kernel: [    0.000000] ACPI: LAPIC_NMI (acpi_id[0x08] high edge lint[0x1])
Jan 18 19:55:31 ubuntu kernel: [    0.000000] ACPI: LAPIC_NMI (acpi_id[0x09] high edge lint[0x1])
Jan 18 19:55:31 ubuntu kernel: [    0.000000] ACPI: LAPIC_NMI (acpi_id[0x0a] high edge lint[0x1])
Jan 18 19:55:31 ubuntu kernel: [    0.000000] ACPI: LAPIC_NMI (acpi_id[0x0b] high edge lint[0x1])
Jan 18 19:55:31 ubuntu kernel: [    0.000000] ACPI: LAPIC_NMI (acpi_id[0x0c] high edge lint[0x1])
Jan 18 19:55:31 ubuntu kernel: [    0.000000] ACPI: LAPIC_NMI (acpi_id[0x0d] high edge lint[0x1])
Jan 18 19:55:31 ubuntu kernel: [    0.000000] ACPI: LAPIC_NMI (acpi_id[0x0e] high edge lint[0x1])
Jan 18 19:55:31 ubuntu kernel: [    0.000000] ACPI: LAPIC_NMI (acpi_id[0x0f] high edge lint[0x1])
Jan 18 19:55:31 ubuntu kernel: [    0.000000] ACPI: LAPIC_NMI (acpi_id[0x10] high edge lint[0x1])
Jan 18 19:55:31 ubuntu kernel: [    0.000000] ACPI: LAPIC_NMI (acpi_id[0x11] high edge lint[0x1])
Jan 18 19:55:31 ubuntu kernel: [    0.000000] ACPI: LAPIC_NMI (acpi_id[0x12] high edge lint[0x1])
Jan 18 19:55:31 ubuntu kernel: [    0.000000] ACPI: LAPIC_NMI (acpi_id[0x13] high edge lint[0x1])
Jan 18 19:55:31 ubuntu kernel: [    0.000000] ACPI: LAPIC_NMI (acpi_id[0x14] high edge lint[0x1])
Jan 18 19:55:31 ubuntu kernel: [    0.000000] ACPI: LAPIC_NMI (acpi_id[0x15] high edge lint[0x1])
Jan 18 19:55:31 ubuntu kernel: [    0.000000] ACPI: LAPIC_NMI (acpi_id[0x16] high edge lint[0x1])
Jan 18 19:55:31 ubuntu kernel: [    0.000000] ACPI: LAPIC_NMI (acpi_id[0x17] high edge lint[0x1])
Jan 18 19:55:31 ubuntu kernel: [    0.000000] ACPI: LAPIC_NMI (acpi_id[0x18] high edge lint[0x1])
Jan 18 19:55:31 ubuntu kernel: [    0.000000] ACPI: LAPIC_NMI (acpi_id[0x19] high edge lint[0x1])
Jan 18 19:55:31 ubuntu kernel: [    0.000000] ACPI: LAPIC_NMI (acpi_id[0x1a] high edge lint[0x1])
Jan 18 19:55:31 ubuntu kernel: [    0.000000] ACPI: LAPIC_NMI (acpi_id[0x1b] high edge lint[0x1])
Jan 18 19:55:31 ubuntu kernel: [    0.000000] ACPI: LAPIC_NMI (acpi_id[0x1c] high edge lint[0x1])
Jan 18 19:55:31 ubuntu kernel: [    0.000000] ACPI: LAPIC_NMI (acpi_id[0x1d] high edge lint[0x1])
Jan 18 19:55:31 ubuntu kernel: [    0.000000] ACPI: LAPIC_NMI (acpi_id[0x1e] high edge lint[0x1])
Jan 18 19:55:31 ubuntu kernel: [    0.000000] ACPI: LAPIC_NMI (acpi_id[0x1f] high edge lint[0x1])
Jan 18 19:55:31 ubuntu kernel: [    0.000000] ACPI: LAPIC_NMI (acpi_id[0x20] high edge lint[0x1])
Jan 18 19:55:31 ubuntu kernel: [    0.000000] ACPI: LAPIC_NMI (acpi_id[0x21] high edge lint[0x1])
Jan 18 19:55:31 ubuntu kernel: [    0.000000] ACPI: LAPIC_NMI (acpi_id[0x22] high edge lint[0x1])
Jan 18 19:55:31 ubuntu kernel: [    0.000000] ACPI: LAPIC_NMI (acpi_id[0x23] high edge lint[0x1])
Jan 18 19:55:31 ubuntu kernel: [    0.000000] ACPI: LAPIC_NMI (acpi_id[0x24] high edge lint[0x1])
Jan 18 19:55:31 ubuntu kernel: [    0.000000] ACPI: LAPIC_NMI (acpi_id[0x25] high edge lint[0x1])
Jan 18 19:55:31 ubuntu kernel: [    0.000000] ACPI: LAPIC_NMI (acpi_id[0x26] high edge lint[0x1])
Jan 18 19:55:31 ubuntu kernel: [    0.000000] ACPI: LAPIC_NMI (acpi_id[0x27] high edge lint[0x1])
Jan 18 19:55:31 ubuntu kernel: [    0.000000] ACPI: LAPIC_NMI (acpi_id[0x28] high edge lint[0x1])
Jan 18 19:55:31 ubuntu kernel: [    0.000000] ACPI: LAPIC_NMI (acpi_id[0x29] high edge lint[0x1])
Jan 18 19:55:31 ubuntu kernel: [    0.000000] ACPI: LAPIC_NMI (acpi_id[0x2a] high edge lint[0x1])
Jan 18 19:55:31 ubuntu kernel: [    0.000000] ACPI: LAPIC_NMI (acpi_id[0x2b] high edge lint[0x1])
Jan 18 19:55:31 ubuntu kernel: [    0.000000] ACPI: LAPIC_NMI (acpi_id[0x2c] high edge lint[0x1])
Jan 18 19:55:31 ubuntu kernel: [    0.000000] ACPI: LAPIC_NMI (acpi_id[0x2d] high edge lint[0x1])
Jan 18 19:55:31 ubuntu kernel: [    0.000000] ACPI: LAPIC_NMI (acpi_id[0x2e] high edge lint[0x1])
Jan 18 19:55:31 ubuntu kernel: [    0.000000] ACPI: LAPIC_NMI (acpi_id[0x2f] high edge lint[0x1])
Jan 18 19:55:31 ubuntu kernel: [    0.000000] ACPI: LAPIC_NMI (acpi_id[0x30] high edge lint[0x1])
Jan 18 19:55:31 ubuntu kernel: [    0.000000] ACPI: LAPIC_NMI (acpi_id[0x31] high edge lint[0x1])
Jan 18 19:55:31 ubuntu kernel: [    0.000000] ACPI: LAPIC_NMI (acpi_id[0x32] high edge lint[0x1])
Jan 18 19:55:31 ubuntu kernel: [    0.000000] ACPI: LAPIC_NMI (acpi_id[0x33] high edge lint[0x1])
Jan 18 19:55:31 ubuntu kernel: [    0.000000] ACPI: LAPIC_NMI (acpi_id[0x34] high edge lint[0x1])
Jan 18 19:55:31 ubuntu kernel: [    0.000000] ACPI: LAPIC_NMI (acpi_id[0x35] high edge lint[0x1])
Jan 18 19:55:31 ubuntu kernel: [    0.000000] ACPI: LAPIC_NMI (acpi_id[0x36] high edge lint[0x1])
Jan 18 19:55:31 ubuntu kernel: [    0.000000] ACPI: LAPIC_NMI (acpi_id[0x37] high edge lint[0x1])
Jan 18 19:55:31 ubuntu kernel: [    0.000000] ACPI: LAPIC_NMI (acpi_id[0x38] high edge lint[0x1])
Jan 18 19:55:31 ubuntu kernel: [    0.000000] ACPI: LAPIC_NMI (acpi_id[0x39] high edge lint[0x1])
Jan 18 19:55:31 ubuntu kernel: [    0.000000] ACPI: LAPIC_NMI (acpi_id[0x3a] high edge lint[0x1])
Jan 18 19:55:31 ubuntu kernel: [    0.000000] ACPI: LAPIC_NMI (acpi_id[0x3b] high edge lint[0x1])
Jan 18 19:55:31 ubuntu kernel: [    0.000000] ACPI: LAPIC_NMI (acpi_id[0x3c] high edge lint[0x1])
Jan 18 19:55:31 ubuntu kernel: [    0.000000] ACPI: LAPIC_NMI (acpi_id[0x3d] high edge lint[0x1])
Jan 18 19:55:31 ubuntu kernel: [    0.000000] ACPI: LAPIC_NMI (acpi_id[0x3e] high edge lint[0x1])
Jan 18 19:55:31 ubuntu kernel: [    0.000000] ACPI: LAPIC_NMI (acpi_id[0x3f] high edge lint[0x1])
Jan 18 19:55:31 ubuntu kernel: [    0.000000] ACPI: LAPIC_NMI (acpi_id[0x40] high edge lint[0x1])
Jan 18 19:55:31 ubuntu kernel: [    0.000000] ACPI: LAPIC_NMI (acpi_id[0x41] high edge lint[0x1])
Jan 18 19:55:31 ubuntu kernel: [    0.000000] ACPI: LAPIC_NMI (acpi_id[0x42] high edge lint[0x1])
Jan 18 19:55:31 ubuntu kernel: [    0.000000] ACPI: LAPIC_NMI (acpi_id[0x43] high edge lint[0x1])
Jan 18 19:55:31 ubuntu kernel: [    0.000000] ACPI: LAPIC_NMI (acpi_id[0x44] high edge lint[0x1])
Jan 18 19:55:31 ubuntu kernel: [    0.000000] ACPI: LAPIC_NMI (acpi_id[0x45] high edge lint[0x1])
Jan 18 19:55:31 ubuntu kernel: [    0.000000] ACPI: LAPIC_NMI (acpi_id[0x46] high edge lint[0x1])
Jan 18 19:55:31 ubuntu kernel: [    0.000000] ACPI: LAPIC_NMI (acpi_id[0x47] high edge lint[0x1])
Jan 18 19:55:31 ubuntu kernel: [    0.000000] ACPI: LAPIC_NMI (acpi_id[0x48] high edge lint[0x1])
Jan 18 19:55:31 ubuntu kernel: [    0.000000] ACPI: LAPIC_NMI (acpi_id[0x49] high edge lint[0x1])
Jan 18 19:55:31 ubuntu kernel: [    0.000000] ACPI: LAPIC_NMI (acpi_id[0x4a] high edge lint[0x1])
Jan 18 19:55:31 ubuntu kernel: [    0.000000] ACPI: LAPIC_NMI (acpi_id[0x4b] high edge lint[0x1])
Jan 18 19:55:31 ubuntu kernel: [    0.000000] ACPI: LAPIC_NMI (acpi_id[0x4c] high edge lint[0x1])
Jan 18 19:55:31 ubuntu kernel: [    0.000000] ACPI: LAPIC_NMI (acpi_id[0x4d] high edge lint[0x1])
Jan 18 19:55:31 ubuntu kernel: [    0.000000] ACPI: LAPIC_NMI (acpi_id[0x4e] high edge lint[0x1])
Jan 18 19:55:31 ubuntu kernel: [    0.000000] ACPI: LAPIC_NMI (acpi_id[0x4f] high edge lint[0x1])
Jan 18 19:55:31 ubuntu kernel: [    0.000000] ACPI: LAPIC_NMI (acpi_id[0x50] high edge lint[0x1])
Jan 18 19:55:31 ubuntu kernel: [    0.000000] ACPI: LAPIC_NMI (acpi_id[0x51] high edge lint[0x1])
Jan 18 19:55:31 ubuntu kernel: [    0.000000] ACPI: LAPIC_NMI (acpi_id[0x52] high edge lint[0x1])
Jan 18 19:55:31 ubuntu kernel: [    0.000000] ACPI: LAPIC_NMI (acpi_id[0x53] high edge lint[0x1])
Jan 18 19:55:31 ubuntu kernel: [    0.000000] ACPI: LAPIC_NMI (acpi_id[0x54] high edge lint[0x1])
Jan 18 19:55:31 ubuntu kernel: [    0.000000] ACPI: LAPIC_NMI (acpi_id[0x55] high edge lint[0x1])
Jan 18 19:55:31 ubuntu kernel: [    0.000000] ACPI: LAPIC_NMI (acpi_id[0x56] high edge lint[0x1])
Jan 18 19:55:31 ubuntu kernel: [    0.000000] ACPI: LAPIC_NMI (acpi_id[0x57] high edge lint[0x1])
Jan 18 19:55:31 ubuntu kernel: [    0.000000] ACPI: LAPIC_NMI (acpi_id[0x58] high edge lint[0x1])
Jan 18 19:55:31 ubuntu kernel: [    0.000000] ACPI: LAPIC_NMI (acpi_id[0x59] high edge lint[0x1])
Jan 18 19:55:31 ubuntu kernel: [    0.000000] ACPI: LAPIC_NMI (acpi_id[0x5a] high edge lint[0x1])
Jan 18 19:55:31 ubuntu kernel: [    0.000000] ACPI: LAPIC_NMI (acpi_id[0x5b] high edge lint[0x1])
Jan 18 19:55:31 ubuntu kernel: [    0.000000] ACPI: LAPIC_NMI (acpi_id[0x5c] high edge lint[0x1])
Jan 18 19:55:31 ubuntu kernel: [    0.000000] ACPI: LAPIC_NMI (acpi_id[0x5d] high edge lint[0x1])
Jan 18 19:55:31 ubuntu kernel: [    0.000000] ACPI: LAPIC_NMI (acpi_id[0x5e] high edge lint[0x1])
Jan 18 19:55:31 ubuntu kernel: [    0.000000] ACPI: LAPIC_NMI (acpi_id[0x5f] high edge lint[0x1])
Jan 18 19:55:31 ubuntu kernel: [    0.000000] ACPI: LAPIC_NMI (acpi_id[0x60] high edge lint[0x1])
Jan 18 19:55:31 ubuntu kernel: [    0.000000] ACPI: LAPIC_NMI (acpi_id[0x61] high edge lint[0x1])
Jan 18 19:55:31 ubuntu kernel: [    0.000000] ACPI: LAPIC_NMI (acpi_id[0x62] high edge lint[0x1])
Jan 18 19:55:31 ubuntu kernel: [    0.000000] ACPI: LAPIC_NMI (acpi_id[0x63] high edge lint[0x1])
Jan 18 19:55:31 ubuntu kernel: [    0.000000] ACPI: LAPIC_NMI (acpi_id[0x64] high edge lint[0x1])
Jan 18 19:55:31 ubuntu kernel: [    0.000000] ACPI: LAPIC_NMI (acpi_id[0x65] high edge lint[0x1])
Jan 18 19:55:31 ubuntu kernel: [    0.000000] ACPI: LAPIC_NMI (acpi_id[0x66] high edge lint[0x1])
Jan 18 19:55:31 ubuntu kernel: [    0.000000] ACPI: LAPIC_NMI (acpi_id[0x67] high edge lint[0x1])
Jan 18 19:55:31 ubuntu kernel: [    0.000000] ACPI: LAPIC_NMI (acpi_id[0x68] high edge lint[0x1])
Jan 18 19:55:31 ubuntu kernel: [    0.000000] ACPI: LAPIC_NMI (acpi_id[0x69] high edge lint[0x1])
Jan 18 19:55:31 ubuntu kernel: [    0.000000] ACPI: LAPIC_NMI (acpi_id[0x6a] high edge lint[0x1])
Jan 18 19:55:31 ubuntu kernel: [    0.000000] ACPI: LAPIC_NMI (acpi_id[0x6b] high edge lint[0x1])
Jan 18 19:55:31 ubuntu kernel: [    0.000000] ACPI: LAPIC_NMI (acpi_id[0x6c] high edge lint[0x1])
Jan 18 19:55:31 ubuntu kernel: [    0.000000] ACPI: LAPIC_NMI (acpi_id[0x6d] high edge lint[0x1])
Jan 18 19:55:31 ubuntu kernel: [    0.000000] ACPI: LAPIC_NMI (acpi_id[0x6e] high edge lint[0x1])
Jan 18 19:55:31 ubuntu kernel: [    0.000000] ACPI: LAPIC_NMI (acpi_id[0x6f] high edge lint[0x1])
Jan 18 19:55:31 ubuntu kernel: [    0.000000] ACPI: LAPIC_NMI (acpi_id[0x70] high edge lint[0x1])
Jan 18 19:55:31 ubuntu kernel: [    0.000000] ACPI: LAPIC_NMI (acpi_id[0x71] high edge lint[0x1])
Jan 18 19:55:31 ubuntu kernel: [    0.000000] ACPI: LAPIC_NMI (acpi_id[0x72] high edge lint[0x1])
Jan 18 19:55:31 ubuntu kernel: [    0.000000] ACPI: LAPIC_NMI (acpi_id[0x73] high edge lint[0x1])
Jan 18 19:55:31 ubuntu kernel: [    0.000000] ACPI: LAPIC_NMI (acpi_id[0x74] high edge lint[0x1])
Jan 18 19:55:31 ubuntu kernel: [    0.000000] ACPI: LAPIC_NMI (acpi_id[0x75] high edge lint[0x1])
Jan 18 19:55:31 ubuntu kernel: [    0.000000] ACPI: LAPIC_NMI (acpi_id[0x76] high edge lint[0x1])
Jan 18 19:55:31 ubuntu kernel: [    0.000000] ACPI: LAPIC_NMI (acpi_id[0x77] high edge lint[0x1])
Jan 18 19:55:31 ubuntu kernel: [    0.000000] ACPI: LAPIC_NMI (acpi_id[0x78] high edge lint[0x1])
Jan 18 19:55:31 ubuntu kernel: [    0.000000] ACPI: LAPIC_NMI (acpi_id[0x79] high edge lint[0x1])
Jan 18 19:55:31 ubuntu kernel: [    0.000000] ACPI: LAPIC_NMI (acpi_id[0x7a] high edge lint[0x1])
Jan 18 19:55:31 ubuntu kernel: [    0.000000] ACPI: LAPIC_NMI (acpi_id[0x7b] high edge lint[0x1])
Jan 18 19:55:31 ubuntu kernel: [    0.000000] ACPI: LAPIC_NMI (acpi_id[0x7c] high edge lint[0x1])
Jan 18 19:55:31 ubuntu kernel: [    0.000000] ACPI: LAPIC_NMI (acpi_id[0x7d] high edge lint[0x1])
Jan 18 19:55:31 ubuntu kernel: [    0.000000] ACPI: LAPIC_NMI (acpi_id[0x7e] high edge lint[0x1])
Jan 18 19:55:31 ubuntu kernel: [    0.000000] ACPI: LAPIC_NMI (acpi_id[0x7f] high edge lint[0x1])
Jan 18 19:55:31 ubuntu kernel: [    0.000000] ACPI: IOAPIC (id[0x01] address[0xfec00000] gsi_base[0])
Jan 18 19:55:31 ubuntu kernel: [    0.000000] IOAPIC[0]: apic_id 1, version 17, address 0xfec00000, GSI 0-23
Jan 18 19:55:31 ubuntu kernel: [    0.000000] ACPI: INT_SRC_OVR (bus 0 bus_irq 0 global_irq 2 high edge)
Jan 18 19:55:31 ubuntu kernel: [    0.000000] ACPI: IRQ0 used by override.
Jan 18 19:55:31 ubuntu kernel: [    0.000000] ACPI: IRQ2 used by override.
Jan 18 19:55:31 ubuntu kernel: [    0.000000] ACPI: IRQ9 used by override.
Jan 18 19:55:31 ubuntu kernel: [    0.000000] Using ACPI (MADT) for SMP configuration information
Jan 18 19:55:31 ubuntu kernel: [    0.000000] ACPI: HPET id: 0x8086af01 base: 0xfed00000
Jan 18 19:55:31 ubuntu kernel: [    0.000000] smpboot: 128 Processors exceeds NR_CPUS limit of 8
Jan 18 19:55:31 ubuntu kernel: [    0.000000] smpboot: Allowing 8 CPUs, 7 hotplug CPUs
Jan 18 19:55:31 ubuntu kernel: [    0.000000] nr_irqs_gsi: 40
Jan 18 19:55:31 ubuntu kernel: [    0.000000] PM: Registered nosave memory: [mem 0x0009e000-0x0009efff]
Jan 18 19:55:31 ubuntu kernel: [    0.000000] PM: Registered nosave memory: [mem 0x0009f000-0x0009ffff]
Jan 18 19:55:31 ubuntu kernel: [    0.000000] PM: Registered nosave memory: [mem 0x000a0000-0x000dbfff]
Jan 18 19:55:31 ubuntu kernel: [    0.000000] PM: Registered nosave memory: [mem 0x000dc000-0x000fffff]
Jan 18 19:55:31 ubuntu kernel: [    0.000000] e820: [mem 0xc0000000-0xefffffff] available for PCI devices
Jan 18 19:55:31 ubuntu kernel: [    0.000000] Booting paravirtualized kernel on bare hardware
Jan 18 19:55:31 ubuntu kernel: [    0.000000] setup_percpu: NR_CPUS:8 nr_cpumask_bits:8 nr_cpu_ids:8 nr_node_ids:1
Jan 18 19:55:31 ubuntu kernel: [    0.000000] PERCPU: Embedded 14 pages/cpu @f7b7c000 s36096 r0 d21248 u57344
Jan 18 19:55:31 ubuntu kernel: [    0.000000] pcpu-alloc: s36096 r0 d21248 u57344 alloc=14*4096
Jan 18 19:55:31 ubuntu kernel: [    0.000000] pcpu-alloc: [0] 0 [0] 1 [0] 2 [0] 3 [0] 4 [0] 5 [0] 6 [0] 7 
Jan 18 19:55:31 ubuntu kernel: [    0.000000] Built 1 zonelists in Zone order, mobility grouping on.  Total pages: 1046661
Jan 18 19:55:31 ubuntu kernel: [    0.000000] Kernel command line: BOOT_IMAGE=/boot/vmlinuz-3.13.0-32-generic root=UUID=af039544-01e4-422b-8641-0a3b688c8561 ro find_preseed=/preseed.cfg auto noprompt priority=critical locale=en_US quiet
Jan 18 19:55:31 ubuntu kernel: [    0.000000] PID hash table entries: 4096 (order: 2, 16384 bytes)
Jan 18 19:55:31 ubuntu kernel: [    0.000000] Dentry cache hash table entries: 131072 (order: 7, 524288 bytes)
Jan 18 19:55:31 ubuntu kernel: [    0.000000] Inode-cache hash table entries: 65536 (order: 6, 262144 bytes)
Jan 18 19:55:31 ubuntu kernel: [    0.000000] Initializing CPU#0
Jan 18 19:55:31 ubuntu kernel: [    0.000000] xsave: enabled xstate_bv 0x7, cntxt size 0x340
Jan 18 19:55:31 ubuntu kernel: [    0.000000] allocated 10485752 bytes of page_cgroup
Jan 18 19:55:31 ubuntu kernel: [    0.000000] please try 'cgroup_disable=memory' option if you don't want memory cgroups
Jan 18 19:55:31 ubuntu kernel: [    0.000000] Initializing HighMem for node 0 (00037bfe:00140000)
Jan 18 19:55:31 ubuntu kernel: [    0.000000] Memory: 4111068K/4193780K available (6528K kernel code, 639K rwdata, 2760K rodata, 872K init, 924K bss, 82712K reserved, 3280776K highmem)
Jan 18 19:55:31 ubuntu kernel: [    0.000000] virtual kernel memory layout:
Jan 18 19:55:31 ubuntu kernel: [    0.000000]     fixmap  : 0xfff14000 - 0xfffff000   ( 940 kB)
Jan 18 19:55:31 ubuntu kernel: [    0.000000]     pkmap   : 0xffc00000 - 0xffe00000   (2048 kB)
Jan 18 19:55:31 ubuntu kernel: [    0.000000]     vmalloc : 0xf83fe000 - 0xffbfe000   ( 120 MB)
Jan 18 19:55:31 ubuntu kernel: [    0.000000]     lowmem  : 0xc0000000 - 0xf7bfe000   ( 891 MB)
Jan 18 19:55:31 ubuntu kernel: [    0.000000]       .init : 0xc19b4000 - 0xc1a8e000   ( 872 kB)
Jan 18 19:55:31 ubuntu kernel: [    0.000000]       .data : 0xc1660532 - 0xc19b3e80   (3406 kB)
Jan 18 19:55:31 ubuntu kernel: [    0.000000]       .text : 0xc1000000 - 0xc1660532   (6529 kB)
Jan 18 19:55:31 ubuntu kernel: [    0.000000] Checking if this processor honours the WP bit even in supervisor mode...Ok.
Jan 18 19:55:31 ubuntu kernel: [    0.000000] SLUB: HWalign=64, Order=0-3, MinObjects=0, CPUs=8, Nodes=1
Jan 18 19:55:31 ubuntu kernel: [    0.000000] Hierarchical RCU implementation.
Jan 18 19:55:31 ubuntu kernel: [    0.000000] 	RCU dyntick-idle grace-period acceleration is enabled.
Jan 18 19:55:31 ubuntu kernel: [    0.000000] NR_IRQS:2304 nr_irqs:744 16
Jan 18 19:55:31 ubuntu kernel: [    0.000000] CPU 0 irqstacks, hard=f300a000 soft=f300c000
Jan 18 19:55:31 ubuntu kernel: [    0.000000] Console: colour VGA+ 80x25
Jan 18 19:55:31 ubuntu kernel: [    0.000000] console [tty0] enabled
Jan 18 19:55:31 ubuntu kernel: [    0.000000] hpet clockevent registered
Jan 18 19:55:31 ubuntu kernel: [    0.000000] TSC freq read from hypervisor : 3500.003 MHz
Jan 18 19:55:31 ubuntu kernel: [    0.000000] tsc: Detected 3500.003 MHz processor
Jan 18 19:55:31 ubuntu kernel: [    0.000001] Calibrating delay loop (skipped) preset value.. 7000.00 BogoMIPS (lpj=14000012)
Jan 18 19:55:31 ubuntu kernel: [    0.000003] pid_max: default: 32768 minimum: 301
Jan 18 19:55:31 ubuntu kernel: [    0.000020] Security Framework initialized
Jan 18 19:55:31 ubuntu kernel: [    0.000038] AppArmor: AppArmor initialized
Jan 18 19:55:31 ubuntu kernel: [    0.000039] Yama: becoming mindful.
Jan 18 19:55:31 ubuntu kernel: [    0.000060] Mount-cache hash table entries: 2048 (order: 1, 8192 bytes)
Jan 18 19:55:31 ubuntu kernel: [    0.000061] Mountpoint-cache hash table entries: 2048 (order: 1, 8192 bytes)
Jan 18 19:55:31 ubuntu kernel: [    0.000180] Initializing cgroup subsys memory
Jan 18 19:55:31 ubuntu kernel: [    0.000183] Initializing cgroup subsys devices
Jan 18 19:55:31 ubuntu kernel: [    0.000184] Initializing cgroup subsys freezer
Jan 18 19:55:31 ubuntu kernel: [    0.000185] Initializing cgroup subsys blkio
Jan 18 19:55:31 ubuntu kernel: [    0.000185] Initializing cgroup subsys perf_event
Jan 18 19:55:31 ubuntu kernel: [    0.000187] Initializing cgroup subsys hugetlb
Jan 18 19:55:31 ubuntu kernel: [    0.000220] Disabled fast string operations
Jan 18 19:55:31 ubuntu kernel: [    0.000222] CPU: Physical Processor ID: 0
Jan 18 19:55:31 ubuntu kernel: [    0.001638] mce: CPU supports 0 MCE banks
Jan 18 19:55:31 ubuntu kernel: [    0.001653] Last level iTLB entries: 4KB 0, 2MB 0, 4MB 0
Jan 18 19:55:31 ubuntu kernel: [    0.001653] Last level dTLB entries: 4KB 64, 2MB 0, 4MB 0
Jan 18 19:55:31 ubuntu kernel: [    0.001653] tlb_flushall_shift: 6
Jan 18 19:55:31 ubuntu kernel: [    0.016091] ACPI: Core revision 20131115
Jan 18 19:55:31 ubuntu kernel: [    0.022520] ACPI: All ACPI Tables successfully acquired
Jan 18 19:55:31 ubuntu kernel: [    0.024008] ftrace: allocating 27783 entries in 55 pages
Jan 18 19:55:31 ubuntu kernel: [    0.039109] Enabling APIC mode:  Flat.  Using 1 I/O APICs
Jan 18 19:55:31 ubuntu kernel: [    0.039467] ..TIMER: vector=0x30 apic1=0 pin1=2 apic2=-1 pin2=-1
Jan 18 19:55:31 ubuntu kernel: [    0.079256] smpboot: CPU0: Intel(R) Core(TM) i7-4770K CPU @ 3.50GHz (fam: 06, model: 3c, stepping: 03)
Jan 18 19:55:31 ubuntu kernel: [    0.079290] TSC deadline timer enabled
Jan 18 19:55:31 ubuntu kernel: [    0.079324] Performance Events: 16-deep LBR, Haswell events, core PMU driver.
Jan 18 19:55:31 ubuntu kernel: [    0.079331] perf_event_intel: CPUID marked event: 'cpu cycles' unavailable
Jan 18 19:55:31 ubuntu kernel: [    0.079331] perf_event_intel: CPUID marked event: 'instructions' unavailable
Jan 18 19:55:31 ubuntu kernel: [    0.079332] perf_event_intel: CPUID marked event: 'bus cycles' unavailable
Jan 18 19:55:31 ubuntu kernel: [    0.079332] perf_event_intel: CPUID marked event: 'cache references' unavailable
Jan 18 19:55:31 ubuntu kernel: [    0.079333] perf_event_intel: CPUID marked event: 'cache misses' unavailable
Jan 18 19:55:31 ubuntu kernel: [    0.079334] perf_event_intel: CPUID marked event: 'branch instructions' unavailable
Jan 18 19:55:31 ubuntu kernel: [    0.079334] perf_event_intel: CPUID marked event: 'branch misses' unavailable
Jan 18 19:55:31 ubuntu kernel: [    0.079336] ... version:                1
Jan 18 19:55:31 ubuntu kernel: [    0.079337] ... bit width:              48
Jan 18 19:55:31 ubuntu kernel: [    0.079338] ... generic registers:      4
Jan 18 19:55:31 ubuntu kernel: [    0.079338] ... value mask:             0000ffffffffffff
Jan 18 19:55:31 ubuntu kernel: [    0.079339] ... max period:             000000007fffffff
Jan 18 19:55:31 ubuntu kernel: [    0.079339] ... fixed-purpose events:   0
Jan 18 19:55:31 ubuntu kernel: [    0.079340] ... event mask:             000000000000000f
Jan 18 19:55:31 ubuntu kernel: [    0.080333] x86: Booted up 1 node, 1 CPUs
Jan 18 19:55:31 ubuntu kernel: [    0.080335] smpboot: Total of 1 processors activated (7000.00 BogoMIPS)
Jan 18 19:55:31 ubuntu kernel: [    0.080462] NMI watchdog: disabled (cpu0): hardware events not enabled
Jan 18 19:55:31 ubuntu kernel: [    0.080515] devtmpfs: initialized
Jan 18 19:55:31 ubuntu kernel: [    0.080618] EVM: security.selinux
Jan 18 19:55:31 ubuntu kernel: [    0.080619] EVM: security.SMACK64
Jan 18 19:55:31 ubuntu kernel: [    0.080619] EVM: security.ima
Jan 18 19:55:31 ubuntu kernel: [    0.080620] EVM: security.capability
Jan 18 19:55:31 ubuntu kernel: [    0.080678] PM: Registering ACPI NVS region [mem 0xbfeff000-0xbfefffff] (4096 bytes)
Jan 18 19:55:31 ubuntu kernel: [    0.081163] pinctrl core: initialized pinctrl subsystem
Jan 18 19:55:31 ubuntu kernel: [    0.081273] regulator-dummy: no parameters
Jan 18 19:55:31 ubuntu kernel: [    0.081335] RTC time:  3:55:28, date: 01/19/15
Jan 18 19:55:31 ubuntu kernel: [    0.081386] NET: Registered protocol family 16
Jan 18 19:55:31 ubuntu kernel: [    0.081474] EISA bus registered
Jan 18 19:55:31 ubuntu kernel: [    0.081476] cpuidle: using governor ladder
Jan 18 19:55:31 ubuntu kernel: [    0.081476] cpuidle: using governor menu
Jan 18 19:55:31 ubuntu kernel: [    0.081533] ACPI: bus type PCI registered
Jan 18 19:55:31 ubuntu kernel: [    0.081534] acpiphp: ACPI Hot Plug PCI Controller Driver version: 0.5
Jan 18 19:55:31 ubuntu kernel: [    0.081625] PCI: MMCONFIG for domain 0000 [bus 00-7f] at [mem 0xf0000000-0xf7ffffff] (base 0xf0000000)
Jan 18 19:55:31 ubuntu kernel: [    0.081627] PCI: MMCONFIG at [mem 0xf0000000-0xf7ffffff] reserved in E820
Jan 18 19:55:31 ubuntu kernel: [    0.081627] PCI: Using MMCONFIG for extended config space
Jan 18 19:55:31 ubuntu kernel: [    0.081628] PCI: Using configuration type 1 for base access
Jan 18 19:55:31 ubuntu kernel: [    0.082140] bio: create slab <bio-0> at 0
Jan 18 19:55:31 ubuntu kernel: [    0.082240] ACPI: Added _OSI(Module Device)
Jan 18 19:55:31 ubuntu kernel: [    0.082242] ACPI: Added _OSI(Processor Device)
Jan 18 19:55:31 ubuntu kernel: [    0.082242] ACPI: Added _OSI(3.0 _SCP Extensions)
Jan 18 19:55:31 ubuntu kernel: [    0.082243] ACPI: Added _OSI(Processor Aggregator Device)
Jan 18 19:55:31 ubuntu kernel: [    0.087643] [Firmware Bug]: ACPI: BIOS _OSI(Linux) query ignored
Jan 18 19:55:31 ubuntu kernel: [    0.096144] ACPI: Interpreter enabled
Jan 18 19:55:31 ubuntu kernel: [    0.096154] ACPI Exception: AE_NOT_FOUND, While evaluating Sleep State [\_S2_] (20131115/hwxface-580)
Jan 18 19:55:31 ubuntu kernel: [    0.096156] ACPI Exception: AE_NOT_FOUND, While evaluating Sleep State [\_S3_] (20131115/hwxface-580)
Jan 18 19:55:31 ubuntu kernel: [    0.096161] ACPI: (supports S0 S1 S4 S5)
Jan 18 19:55:31 ubuntu kernel: [    0.096162] ACPI: Using IOAPIC for interrupt routing
Jan 18 19:55:31 ubuntu kernel: [    0.096180] PCI: Using host bridge windows from ACPI; if necessary, use "pci=nocrs" and report a bug
Jan 18 19:55:31 ubuntu kernel: [    0.108805] ACPI: No dock devices found.
Jan 18 19:55:31 ubuntu kernel: [    0.128488] ACPI: PCI Root Bridge [PCI0] (domain 0000 [bus 00-7f])
Jan 18 19:55:31 ubuntu kernel: [    0.128493] acpi PNP0A03:00: _OSC: OS supports [ExtendedConfig ASPM ClockPM Segments MSI]
Jan 18 19:55:31 ubuntu kernel: [    0.128605] acpi PNP0A03:00: _OSC: platform does not support [AER]
Jan 18 19:55:31 ubuntu kernel: [    0.128707] acpi PNP0A03:00: _OSC: OS now controls [PCIeHotplug PME PCIeCapability]
Jan 18 19:55:31 ubuntu kernel: [    0.130217] PCI host bridge to bus 0000:00
Jan 18 19:55:31 ubuntu kernel: [    0.130220] pci_bus 0000:00: root bus resource [bus 00-7f]
Jan 18 19:55:31 ubuntu kernel: [    0.130221] pci_bus 0000:00: root bus resource [mem 0x000a0000-0x000bffff]
Jan 18 19:55:31 ubuntu kernel: [    0.130222] pci_bus 0000:00: root bus resource [mem 0x000d0000-0x000d3fff]
Jan 18 19:55:31 ubuntu kernel: [    0.130223] pci_bus 0000:00: root bus resource [mem 0x000d4000-0x000d7fff]
Jan 18 19:55:31 ubuntu kernel: [    0.130224] pci_bus 0000:00: root bus resource [mem 0x000d8000-0x000dbfff]
Jan 18 19:55:31 ubuntu kernel: [    0.130225] pci_bus 0000:00: root bus resource [mem 0xc0000000-0xfebfffff]
Jan 18 19:55:31 ubuntu kernel: [    0.130225] pci_bus 0000:00: root bus resource [io  0x0000-0x0cf7]
Jan 18 19:55:31 ubuntu kernel: [    0.130226] pci_bus 0000:00: root bus resource [io  0x0d00-0xfeff]
Jan 18 19:55:31 ubuntu kernel: [    0.130281] pci 0000:00:00.0: [8086:7190] type 00 class 0x060000
Jan 18 19:55:31 ubuntu kernel: [    0.130609] pci 0000:00:01.0: [8086:7191] type 01 class 0x060400
Jan 18 19:55:31 ubuntu kernel: [    0.130899] pci 0000:00:07.0: [8086:7110] type 00 class 0x060100
Jan 18 19:55:31 ubuntu kernel: [    0.131396] pci 0000:00:07.1: [8086:7111] type 00 class 0x01018a
Jan 18 19:55:31 ubuntu kernel: [    0.132385] pci 0000:00:07.1: reg 0x20: [io  0x1060-0x106f]
Jan 18 19:55:31 ubuntu kernel: [    0.132918] pci 0000:00:07.3: [8086:7113] type 00 class 0x068000
Jan 18 19:55:31 ubuntu kernel: [    0.134068] pci 0000:00:07.3: quirk: [io  0x1000-0x103f] claimed by PIIX4 ACPI
Jan 18 19:55:31 ubuntu kernel: [    0.134076] pci 0000:00:07.3: quirk: [io  0x1040-0x104f] claimed by PIIX4 SMB
Jan 18 19:55:31 ubuntu kernel: [    0.134308] pci 0000:00:07.7: [15ad:0740] type 00 class 0x088000
Jan 18 19:55:31 ubuntu kernel: [    0.134681] pci 0000:00:07.7: reg 0x10: [io  0x1080-0x10bf]
Jan 18 19:55:31 ubuntu kernel: [    0.135008] pci 0000:00:07.7: reg 0x14: [mem 0xfebfe000-0xfebfffff 64bit]
Jan 18 19:55:31 ubuntu kernel: [    0.136858] pci 0000:00:0f.0: [15ad:0405] type 00 class 0x030000
Jan 18 19:55:31 ubuntu kernel: [    0.140629] pci 0000:00:0f.0: reg 0x10: [io  0x1070-0x107f]
Jan 18 19:55:31 ubuntu kernel: [    0.143169] pci 0000:00:0f.0: reg 0x14: [mem 0xe8000000-0xefffffff pref]
Jan 18 19:55:31 ubuntu kernel: [    0.145505] pci 0000:00:0f.0: reg 0x18: [mem 0xfe000000-0xfe7fffff]
Jan 18 19:55:31 ubuntu kernel: [    0.155784] pci 0000:00:0f.0: reg 0x30: [mem 0x00000000-0x00007fff pref]
Jan 18 19:55:31 ubuntu kernel: [    0.156149] pci 0000:00:10.0: [1000:0030] type 00 class 0x010000
Jan 18 19:55:31 ubuntu kernel: [    0.156681] pci 0000:00:10.0: reg 0x10: [io  0x1400-0x14ff]
Jan 18 19:55:31 ubuntu kernel: [    0.157155] pci 0000:00:10.0: reg 0x14: [mem 0xfeba0000-0xfebbffff 64bit]
Jan 18 19:55:31 ubuntu kernel: [    0.157898] pci 0000:00:10.0: reg 0x1c: [mem 0xfebc0000-0xfebdffff 64bit]
Jan 18 19:55:31 ubuntu kernel: [    0.159337] pci 0000:00:10.0: reg 0x30: [mem 0x00000000-0x00003fff pref]
Jan 18 19:55:31 ubuntu kernel: [    0.159643] pci 0000:00:11.0: [15ad:0790] type 01 class 0x060401
Jan 18 19:55:31 ubuntu kernel: [    0.160033] pci 0000:00:11.0: System wakeup disabled by ACPI
Jan 18 19:55:31 ubuntu kernel: [    0.160138] pci 0000:00:15.0: [15ad:07a0] type 01 class 0x060400
Jan 18 19:55:31 ubuntu kernel: [    0.160699] pci 0000:00:15.0: PME# supported from D0 D3hot D3cold
Jan 18 19:55:31 ubuntu kernel: [    0.160912] pci 0000:00:15.0: System wakeup disabled by ACPI
Jan 18 19:55:31 ubuntu kernel: [    0.161034] pci 0000:00:15.1: [15ad:07a0] type 01 class 0x060400
Jan 18 19:55:31 ubuntu kernel: [    0.161600] pci 0000:00:15.1: PME# supported from D0 D3hot D3cold
Jan 18 19:55:31 ubuntu kernel: [    0.161724] pci 0000:00:15.1: System wakeup disabled by ACPI
Jan 18 19:55:31 ubuntu kernel: [    0.161814] pci 0000:00:15.2: [15ad:07a0] type 01 class 0x060400
Jan 18 19:55:31 ubuntu kernel: [    0.162272] pci 0000:00:15.2: PME# supported from D0 D3hot D3cold
Jan 18 19:55:31 ubuntu kernel: [    0.162425] pci 0000:00:15.2: System wakeup disabled by ACPI
Jan 18 19:55:31 ubuntu kernel: [    0.162519] pci 0000:00:15.3: [15ad:07a0] type 01 class 0x060400
Jan 18 19:55:31 ubuntu kernel: [    0.162960] pci 0000:00:15.3: PME# supported from D0 D3hot D3cold
Jan 18 19:55:31 ubuntu kernel: [    0.163094] pci 0000:00:15.3: System wakeup disabled by ACPI
Jan 18 19:55:31 ubuntu kernel: [    0.163224] pci 0000:00:15.4: [15ad:07a0] type 01 class 0x060400
Jan 18 19:55:31 ubuntu kernel: [    0.163712] pci 0000:00:15.4: PME# supported from D0 D3hot D3cold
Jan 18 19:55:31 ubuntu kernel: [    0.163835] pci 0000:00:15.4: System wakeup disabled by ACPI
Jan 18 19:55:31 ubuntu kernel: [    0.163923] pci 0000:00:15.5: [15ad:07a0] type 01 class 0x060400
Jan 18 19:55:31 ubuntu kernel: [    0.164399] pci 0000:00:15.5: PME# supported from D0 D3hot D3cold
Jan 18 19:55:31 ubuntu kernel: [    0.164520] pci 0000:00:15.5: System wakeup disabled by ACPI
Jan 18 19:55:31 ubuntu kernel: [    0.164605] pci 0000:00:15.6: [15ad:07a0] type 01 class 0x060400
Jan 18 19:55:31 ubuntu kernel: [    0.165035] pci 0000:00:15.6: PME# supported from D0 D3hot D3cold
Jan 18 19:55:31 ubuntu kernel: [    0.165167] pci 0000:00:15.6: System wakeup disabled by ACPI
Jan 18 19:55:31 ubuntu kernel: [    0.165274] pci 0000:00:15.7: [15ad:07a0] type 01 class 0x060400
Jan 18 19:55:31 ubuntu kernel: [    0.165877] pci 0000:00:15.7: PME# supported from D0 D3hot D3cold
Jan 18 19:55:31 ubuntu kernel: [    0.166054] pci 0000:00:15.7: System wakeup disabled by ACPI
Jan 18 19:55:31 ubuntu kernel: [    0.166195] pci 0000:00:16.0: [15ad:07a0] type 01 class 0x060400
Jan 18 19:55:31 ubuntu kernel: [    0.166698] pci 0000:00:16.0: PME# supported from D0 D3hot D3cold
Jan 18 19:55:31 ubuntu kernel: [    0.166822] pci 0000:00:16.0: System wakeup disabled by ACPI
Jan 18 19:55:31 ubuntu kernel: [    0.166908] pci 0000:00:16.1: [15ad:07a0] type 01 class 0x060400
Jan 18 19:55:31 ubuntu kernel: [    0.167414] pci 0000:00:16.1: PME# supported from D0 D3hot D3cold
Jan 18 19:55:31 ubuntu kernel: [    0.167537] pci 0000:00:16.1: System wakeup disabled by ACPI
Jan 18 19:55:31 ubuntu kernel: [    0.167626] pci 0000:00:16.2: [15ad:07a0] type 01 class 0x060400
Jan 18 19:55:31 ubuntu kernel: [    0.168057] pci 0000:00:16.2: PME# supported from D0 D3hot D3cold
Jan 18 19:55:31 ubuntu kernel: [    0.168194] pci 0000:00:16.2: System wakeup disabled by ACPI
Jan 18 19:55:31 ubuntu kernel: [    0.168291] pci 0000:00:16.3: [15ad:07a0] type 01 class 0x060400
Jan 18 19:55:31 ubuntu kernel: [    0.168759] pci 0000:00:16.3: PME# supported from D0 D3hot D3cold
Jan 18 19:55:31 ubuntu kernel: [    0.168899] pci 0000:00:16.3: System wakeup disabled by ACPI
Jan 18 19:55:31 ubuntu kernel: [    0.168984] pci 0000:00:16.4: [15ad:07a0] type 01 class 0x060400
Jan 18 19:55:31 ubuntu kernel: [    0.169505] pci 0000:00:16.4: PME# supported from D0 D3hot D3cold
Jan 18 19:55:31 ubuntu kernel: [    0.169627] pci 0000:00:16.4: System wakeup disabled by ACPI
Jan 18 19:55:31 ubuntu kernel: [    0.169716] pci 0000:00:16.5: [15ad:07a0] type 01 class 0x060400
Jan 18 19:55:31 ubuntu kernel: [    0.170216] pci 0000:00:16.5: PME# supported from D0 D3hot D3cold
Jan 18 19:55:31 ubuntu kernel: [    0.170475] pci 0000:00:16.5: System wakeup disabled by ACPI
Jan 18 19:55:31 ubuntu kernel: [    0.170603] pci 0000:00:16.6: [15ad:07a0] type 01 class 0x060400
Jan 18 19:55:31 ubuntu kernel: [    0.171160] pci 0000:00:16.6: PME# supported from D0 D3hot D3cold
Jan 18 19:55:31 ubuntu kernel: [    0.171344] pci 0000:00:16.6: System wakeup disabled by ACPI
Jan 18 19:55:31 ubuntu kernel: [    0.171525] pci 0000:00:16.7: [15ad:07a0] type 01 class 0x060400
Jan 18 19:55:31 ubuntu kernel: [    0.172015] pci 0000:00:16.7: PME# supported from D0 D3hot D3cold
Jan 18 19:55:31 ubuntu kernel: [    0.172148] pci 0000:00:16.7: System wakeup disabled by ACPI
Jan 18 19:55:31 ubuntu kernel: [    0.172238] pci 0000:00:17.0: [15ad:07a0] type 01 class 0x060400
Jan 18 19:55:31 ubuntu kernel: [    0.172683] pci 0000:00:17.0: PME# supported from D0 D3hot D3cold
Jan 18 19:55:31 ubuntu kernel: [    0.172804] pci 0000:00:17.0: System wakeup disabled by ACPI
Jan 18 19:55:31 ubuntu kernel: [    0.172892] pci 0000:00:17.1: [15ad:07a0] type 01 class 0x060400
Jan 18 19:55:31 ubuntu kernel: [    0.173485] pci 0000:00:17.1: PME# supported from D0 D3hot D3cold
Jan 18 19:55:31 ubuntu kernel: [    0.173658] pci 0000:00:17.1: System wakeup disabled by ACPI
Jan 18 19:55:31 ubuntu kernel: [    0.173772] pci 0000:00:17.2: [15ad:07a0] type 01 class 0x060400
Jan 18 19:55:31 ubuntu kernel: [    0.174310] pci 0000:00:17.2: PME# supported from D0 D3hot D3cold
Jan 18 19:55:31 ubuntu kernel: [    0.174459] pci 0000:00:17.2: System wakeup disabled by ACPI
Jan 18 19:55:31 ubuntu kernel: [    0.174556] pci 0000:00:17.3: [15ad:07a0] type 01 class 0x060400
Jan 18 19:55:31 ubuntu kernel: [    0.175031] pci 0000:00:17.3: PME# supported from D0 D3hot D3cold
Jan 18 19:55:31 ubuntu kernel: [    0.175153] pci 0000:00:17.3: System wakeup disabled by ACPI
Jan 18 19:55:31 ubuntu kernel: [    0.175258] pci 0000:00:17.4: [15ad:07a0] type 01 class 0x060400
Jan 18 19:55:31 ubuntu kernel: [    0.175729] pci 0000:00:17.4: PME# supported from D0 D3hot D3cold
Jan 18 19:55:31 ubuntu kernel: [    0.175872] pci 0000:00:17.4: System wakeup disabled by ACPI
Jan 18 19:55:31 ubuntu kernel: [    0.175961] pci 0000:00:17.5: [15ad:07a0] type 01 class 0x060400
Jan 18 19:55:31 ubuntu kernel: [    0.176424] pci 0000:00:17.5: PME# supported from D0 D3hot D3cold
Jan 18 19:55:31 ubuntu kernel: [    0.176554] pci 0000:00:17.5: System wakeup disabled by ACPI
Jan 18 19:55:31 ubuntu kernel: [    0.176646] pci 0000:00:17.6: [15ad:07a0] type 01 class 0x060400
Jan 18 19:55:31 ubuntu kernel: [    0.177093] pci 0000:00:17.6: PME# supported from D0 D3hot D3cold
Jan 18 19:55:31 ubuntu kernel: [    0.177214] pci 0000:00:17.6: System wakeup disabled by ACPI
Jan 18 19:55:31 ubuntu kernel: [    0.177339] pci 0000:00:17.7: [15ad:07a0] type 01 class 0x060400
Jan 18 19:55:31 ubuntu kernel: [    0.177781] pci 0000:00:17.7: PME# supported from D0 D3hot D3cold
Jan 18 19:55:31 ubuntu kernel: [    0.177905] pci 0000:00:17.7: System wakeup disabled by ACPI
Jan 18 19:55:31 ubuntu kernel: [    0.177996] pci 0000:00:18.0: [15ad:07a0] type 01 class 0x060400
Jan 18 19:55:31 ubuntu kernel: [    0.178441] pci 0000:00:18.0: PME# supported from D0 D3hot D3cold
Jan 18 19:55:31 ubuntu kernel: [    0.178562] pci 0000:00:18.0: System wakeup disabled by ACPI
Jan 18 19:55:31 ubuntu kernel: [    0.178648] pci 0000:00:18.1: [15ad:07a0] type 01 class 0x060400
Jan 18 19:55:31 ubuntu kernel: [    0.179096] pci 0000:00:18.1: PME# supported from D0 D3hot D3cold
Jan 18 19:55:31 ubuntu kernel: [    0.179216] pci 0000:00:18.1: System wakeup disabled by ACPI
Jan 18 19:55:31 ubuntu kernel: [    0.179313] pci 0000:00:18.2: [15ad:07a0] type 01 class 0x060400
Jan 18 19:55:31 ubuntu kernel: [    0.179764] pci 0000:00:18.2: PME# supported from D0 D3hot D3cold
Jan 18 19:55:31 ubuntu kernel: [    0.179885] pci 0000:00:18.2: System wakeup disabled by ACPI
Jan 18 19:55:31 ubuntu kernel: [    0.179973] pci 0000:00:18.3: [15ad:07a0] type 01 class 0x060400
Jan 18 19:55:31 ubuntu kernel: [    0.180454] pci 0000:00:18.3: PME# supported from D0 D3hot D3cold
Jan 18 19:55:31 ubuntu kernel: [    0.180629] pci 0000:00:18.3: System wakeup disabled by ACPI
Jan 18 19:55:31 ubuntu kernel: [    0.180764] pci 0000:00:18.4: [15ad:07a0] type 01 class 0x060400
Jan 18 19:55:31 ubuntu kernel: [    0.181318] pci 0000:00:18.4: PME# supported from D0 D3hot D3cold
Jan 18 19:55:31 ubuntu kernel: [    0.181450] pci 0000:00:18.4: System wakeup disabled by ACPI
Jan 18 19:55:31 ubuntu kernel: [    0.181541] pci 0000:00:18.5: [15ad:07a0] type 01 class 0x060400
Jan 18 19:55:31 ubuntu kernel: [    0.181990] pci 0000:00:18.5: PME# supported from D0 D3hot D3cold
Jan 18 19:55:31 ubuntu kernel: [    0.182110] pci 0000:00:18.5: System wakeup disabled by ACPI
Jan 18 19:55:31 ubuntu kernel: [    0.182197] pci 0000:00:18.6: [15ad:07a0] type 01 class 0x060400
Jan 18 19:55:31 ubuntu kernel: [    0.182648] pci 0000:00:18.6: PME# supported from D0 D3hot D3cold
Jan 18 19:55:31 ubuntu kernel: [    0.182781] pci 0000:00:18.6: System wakeup disabled by ACPI
Jan 18 19:55:31 ubuntu kernel: [    0.182866] pci 0000:00:18.7: [15ad:07a0] type 01 class 0x060400
Jan 18 19:55:31 ubuntu kernel: [    0.183304] pci 0000:00:18.7: PME# supported from D0 D3hot D3cold
Jan 18 19:55:31 ubuntu kernel: [    0.183424] pci 0000:00:18.7: System wakeup disabled by ACPI
Jan 18 19:55:31 ubuntu kernel: [    0.183746] pci 0000:00:01.0: PCI bridge to [bus 01]
Jan 18 19:55:31 ubuntu kernel: [    0.184013] acpiphp: Slot [32] registered
Jan 18 19:55:31 ubuntu kernel: [    0.184029] acpiphp: Slot [33] registered
Jan 18 19:55:31 ubuntu kernel: [    0.184044] acpiphp: Slot [34] registered
Jan 18 19:55:31 ubuntu kernel: [    0.184057] acpiphp: Slot [35] registered
Jan 18 19:55:31 ubuntu kernel: [    0.184071] acpiphp: Slot [36] registered
Jan 18 19:55:31 ubuntu kernel: [    0.184083] acpiphp: Slot [37] registered
Jan 18 19:55:31 ubuntu kernel: [    0.184096] acpiphp: Slot [38] registered
Jan 18 19:55:31 ubuntu kernel: [    0.184107] acpiphp: Slot [39] registered
Jan 18 19:55:31 ubuntu kernel: [    0.184119] acpiphp: Slot [40] registered
Jan 18 19:55:31 ubuntu kernel: [    0.184131] acpiphp: Slot [41] registered
Jan 18 19:55:31 ubuntu kernel: [    0.184143] acpiphp: Slot [42] registered
Jan 18 19:55:31 ubuntu kernel: [    0.184155] acpiphp: Slot [43] registered
Jan 18 19:55:31 ubuntu kernel: [    0.184167] acpiphp: Slot [44] registered
Jan 18 19:55:31 ubuntu kernel: [    0.184180] acpiphp: Slot [45] registered
Jan 18 19:55:31 ubuntu kernel: [    0.184194] acpiphp: Slot [46] registered
Jan 18 19:55:31 ubuntu kernel: [    0.184206] acpiphp: Slot [47] registered
Jan 18 19:55:31 ubuntu kernel: [    0.184218] acpiphp: Slot [48] registered
Jan 18 19:55:31 ubuntu kernel: [    0.184229] acpiphp: Slot [49] registered
Jan 18 19:55:31 ubuntu kernel: [    0.184241] acpiphp: Slot [50] registered
Jan 18 19:55:31 ubuntu kernel: [    0.184259] acpiphp: Slot [51] registered
Jan 18 19:55:31 ubuntu kernel: [    0.184270] acpiphp: Slot [52] registered
Jan 18 19:55:31 ubuntu kernel: [    0.184282] acpiphp: Slot [53] registered
Jan 18 19:55:31 ubuntu kernel: [    0.184296] acpiphp: Slot [54] registered
Jan 18 19:55:31 ubuntu kernel: [    0.184308] acpiphp: Slot [55] registered
Jan 18 19:55:31 ubuntu kernel: [    0.184319] acpiphp: Slot [56] registered
Jan 18 19:55:31 ubuntu kernel: [    0.184331] acpiphp: Slot [57] registered
Jan 18 19:55:31 ubuntu kernel: [    0.184343] acpiphp: Slot [58] registered
Jan 18 19:55:31 ubuntu kernel: [    0.184355] acpiphp: Slot [59] registered
Jan 18 19:55:31 ubuntu kernel: [    0.184367] acpiphp: Slot [60] registered
Jan 18 19:55:31 ubuntu kernel: [    0.184378] acpiphp: Slot [61] registered
Jan 18 19:55:31 ubuntu kernel: [    0.184390] acpiphp: Slot [62] registered
Jan 18 19:55:31 ubuntu kernel: [    0.184404] acpiphp: Slot [63] registered
Jan 18 19:55:31 ubuntu kernel: [    0.184456] pci 0000:02:00.0: [15ad:0774] type 00 class 0x0c0300
Jan 18 19:55:31 ubuntu kernel: [    0.185271] pci 0000:02:00.0: reg 0x20: [io  0x20c0-0x20df]
Jan 18 19:55:31 ubuntu kernel: [    0.185760] pci 0000:02:00.0: System wakeup disabled by ACPI
Jan 18 19:55:31 ubuntu kernel: [    0.185799] pci 0000:02:01.0: [1022:2000] type 00 class 0x020000
Jan 18 19:55:31 ubuntu kernel: [    0.185976] pci 0000:02:01.0: reg 0x10: [io  0x2000-0x207f]
Jan 18 19:55:31 ubuntu kernel: [    0.186915] pci 0000:02:01.0: reg 0x30: [mem 0x00000000-0x0000ffff pref]
Jan 18 19:55:31 ubuntu kernel: [    0.186990] pci 0000:02:01.0: System wakeup disabled by ACPI
Jan 18 19:55:31 ubuntu kernel: [    0.187056] pci 0000:02:02.0: [1274:1371] type 00 class 0x040100
Jan 18 19:55:31 ubuntu kernel: [    0.187291] pci 0000:02:02.0: reg 0x10: [io  0x2080-0x20bf]
Jan 18 19:55:31 ubuntu kernel: [    0.189350] pci 0000:02:02.0: System wakeup disabled by ACPI
Jan 18 19:55:31 ubuntu kernel: [    0.189456] pci 0000:02:03.0: [15ad:0770] type 00 class 0x0c0320
Jan 18 19:55:31 ubuntu kernel: [    0.189834] pci 0000:02:03.0: reg 0x10: [mem 0xfd5ff000-0xfd5fffff]
Jan 18 19:55:31 ubuntu kernel: [    0.191795] pci 0000:02:03.0: System wakeup disabled by ACPI
Jan 18 19:55:31 ubuntu kernel: [    0.191901] pci 0000:02:05.0: [15ad:07e0] type 00 class 0x010601
Jan 18 19:55:31 ubuntu kernel: [    0.193478] pci 0000:02:05.0: reg 0x24: [mem 0xfd5fe000-0xfd5fefff]
Jan 18 19:55:31 ubuntu kernel: [    0.193675] pci 0000:02:05.0: reg 0x30: [mem 0x00000000-0x0000ffff pref]
Jan 18 19:55:31 ubuntu kernel: [    0.193931] pci 0000:02:05.0: PME# supported from D3hot
Jan 18 19:55:31 ubuntu kernel: [    0.194055] pci 0000:02:05.0: System wakeup disabled by ACPI
Jan 18 19:55:31 ubuntu kernel: [    0.194238] pci 0000:00:11.0: PCI bridge to [bus 02] (subtractive decode)
Jan 18 19:55:31 ubuntu kernel: [    0.194252] pci 0000:00:11.0:   bridge window [io  0x2000-0x3fff]
Jan 18 19:55:31 ubuntu kernel: [    0.194271] pci 0000:00:11.0:   bridge window [mem 0xfd500000-0xfdffffff]
Jan 18 19:55:31 ubuntu kernel: [    0.194297] pci 0000:00:11.0:   bridge window [mem 0xe7b00000-0xe7ffffff 64bit pref]
Jan 18 19:55:31 ubuntu kernel: [    0.194298] pci 0000:00:11.0:   bridge window [mem 0x000a0000-0x000bffff] (subtractive decode)
Jan 18 19:55:31 ubuntu kernel: [    0.194299] pci 0000:00:11.0:   bridge window [mem 0x000d0000-0x000d3fff] (subtractive decode)
Jan 18 19:55:31 ubuntu kernel: [    0.194300] pci 0000:00:11.0:   bridge window [mem 0x000d4000-0x000d7fff] (subtractive decode)
Jan 18 19:55:31 ubuntu kernel: [    0.194301] pci 0000:00:11.0:   bridge window [mem 0x000d8000-0x000dbfff] (subtractive decode)
Jan 18 19:55:31 ubuntu kernel: [    0.194302] pci 0000:00:11.0:   bridge window [mem 0xc0000000-0xfebfffff] (subtractive decode)
Jan 18 19:55:31 ubuntu kernel: [    0.194303] pci 0000:00:11.0:   bridge window [io  0x0000-0x0cf7] (subtractive decode)
Jan 18 19:55:31 ubuntu kernel: [    0.194304] pci 0000:00:11.0:   bridge window [io  0x0d00-0xfeff] (subtractive decode)
Jan 18 19:55:31 ubuntu kernel: [    0.194574] pci 0000:00:15.0: PCI bridge to [bus 03]
Jan 18 19:55:31 ubuntu kernel: [    0.194587] pci 0000:00:15.0:   bridge window [io  0x4000-0x4fff]
Jan 18 19:55:31 ubuntu kernel: [    0.194601] pci 0000:00:15.0:   bridge window [mem 0xfd400000-0xfd4fffff]
Jan 18 19:55:31 ubuntu kernel: [    0.194626] pci 0000:00:15.0:   bridge window [mem 0xe7a00000-0xe7afffff 64bit pref]
Jan 18 19:55:31 ubuntu kernel: [    0.194883] pci 0000:00:15.1: PCI bridge to [bus 04]
Jan 18 19:55:31 ubuntu kernel: [    0.194896] pci 0000:00:15.1:   bridge window [io  0x8000-0x8fff]
Jan 18 19:55:31 ubuntu kernel: [    0.194909] pci 0000:00:15.1:   bridge window [mem 0xfd000000-0xfd0fffff]
Jan 18 19:55:31 ubuntu kernel: [    0.194935] pci 0000:00:15.1:   bridge window [mem 0xe7600000-0xe76fffff 64bit pref]
Jan 18 19:55:31 ubuntu kernel: [    0.195199] pci 0000:00:15.2: PCI bridge to [bus 05]
Jan 18 19:55:31 ubuntu kernel: [    0.195212] pci 0000:00:15.2:   bridge window [io  0xc000-0xcfff]
Jan 18 19:55:31 ubuntu kernel: [    0.195226] pci 0000:00:15.2:   bridge window [mem 0xfcc00000-0xfccfffff]
Jan 18 19:55:31 ubuntu kernel: [    0.195251] pci 0000:00:15.2:   bridge window [mem 0xe7200000-0xe72fffff 64bit pref]
Jan 18 19:55:31 ubuntu kernel: [    0.195521] pci 0000:00:15.3: PCI bridge to [bus 06]
Jan 18 19:55:31 ubuntu kernel: [    0.195547] pci 0000:00:15.3:   bridge window [mem 0xfc800000-0xfc8fffff]
Jan 18 19:55:31 ubuntu kernel: [    0.195572] pci 0000:00:15.3:   bridge window [mem 0xe6e00000-0xe6efffff 64bit pref]
Jan 18 19:55:31 ubuntu kernel: [    0.195823] pci 0000:00:15.4: PCI bridge to [bus 07]
Jan 18 19:55:31 ubuntu kernel: [    0.195849] pci 0000:00:15.4:   bridge window [mem 0xfc400000-0xfc4fffff]
Jan 18 19:55:31 ubuntu kernel: [    0.195874] pci 0000:00:15.4:   bridge window [mem 0xe6a00000-0xe6afffff 64bit pref]
Jan 18 19:55:31 ubuntu kernel: [    0.196135] pci 0000:00:15.5: PCI bridge to [bus 08]
Jan 18 19:55:31 ubuntu kernel: [    0.196160] pci 0000:00:15.5:   bridge window [mem 0xfc000000-0xfc0fffff]
Jan 18 19:55:31 ubuntu kernel: [    0.196186] pci 0000:00:15.5:   bridge window [mem 0xe6600000-0xe66fffff 64bit pref]
Jan 18 19:55:31 ubuntu kernel: [    0.196438] pci 0000:00:15.6: PCI bridge to [bus 09]
Jan 18 19:55:31 ubuntu kernel: [    0.196463] pci 0000:00:15.6:   bridge window [mem 0xfbc00000-0xfbcfffff]
Jan 18 19:55:31 ubuntu kernel: [    0.196488] pci 0000:00:15.6:   bridge window [mem 0xe6200000-0xe62fffff 64bit pref]
Jan 18 19:55:31 ubuntu kernel: [    0.196742] pci 0000:00:15.7: PCI bridge to [bus 0a]
Jan 18 19:55:31 ubuntu kernel: [    0.196767] pci 0000:00:15.7:   bridge window [mem 0xfb800000-0xfb8fffff]
Jan 18 19:55:31 ubuntu kernel: [    0.196793] pci 0000:00:15.7:   bridge window [mem 0xe5e00000-0xe5efffff 64bit pref]
Jan 18 19:55:31 ubuntu kernel: [    0.197055] pci 0000:00:16.0: PCI bridge to [bus 0b]
Jan 18 19:55:31 ubuntu kernel: [    0.197069] pci 0000:00:16.0:   bridge window [io  0x5000-0x5fff]
Jan 18 19:55:31 ubuntu kernel: [    0.197082] pci 0000:00:16.0:   bridge window [mem 0xfd300000-0xfd3fffff]
Jan 18 19:55:31 ubuntu kernel: [    0.197108] pci 0000:00:16.0:   bridge window [mem 0xe7900000-0xe79fffff 64bit pref]
Jan 18 19:55:31 ubuntu kernel: [    0.197374] pci 0000:00:16.1: PCI bridge to [bus 0c]
Jan 18 19:55:31 ubuntu kernel: [    0.197387] pci 0000:00:16.1:   bridge window [io  0x9000-0x9fff]
Jan 18 19:55:31 ubuntu kernel: [    0.197400] pci 0000:00:16.1:   bridge window [mem 0xfcf00000-0xfcffffff]
Jan 18 19:55:31 ubuntu kernel: [    0.197426] pci 0000:00:16.1:   bridge window [mem 0xe7500000-0xe75fffff 64bit pref]
Jan 18 19:55:31 ubuntu kernel: [    0.197675] pci 0000:00:16.2: PCI bridge to [bus 0d]
Jan 18 19:55:31 ubuntu kernel: [    0.197688] pci 0000:00:16.2:   bridge window [io  0xd000-0xdfff]
Jan 18 19:55:31 ubuntu kernel: [    0.197702] pci 0000:00:16.2:   bridge window [mem 0xfcb00000-0xfcbfffff]
Jan 18 19:55:31 ubuntu kernel: [    0.197727] pci 0000:00:16.2:   bridge window [mem 0xe7100000-0xe71fffff 64bit pref]
Jan 18 19:55:31 ubuntu kernel: [    0.197978] pci 0000:00:16.3: PCI bridge to [bus 0e]
Jan 18 19:55:31 ubuntu kernel: [    0.198004] pci 0000:00:16.3:   bridge window [mem 0xfc700000-0xfc7fffff]
Jan 18 19:55:31 ubuntu kernel: [    0.198029] pci 0000:00:16.3:   bridge window [mem 0xe6d00000-0xe6dfffff 64bit pref]
Jan 18 19:55:31 ubuntu kernel: [    0.198292] pci 0000:00:16.4: PCI bridge to [bus 0f]
Jan 18 19:55:31 ubuntu kernel: [    0.198324] pci 0000:00:16.4:   bridge window [mem 0xfc300000-0xfc3fffff]
Jan 18 19:55:31 ubuntu kernel: [    0.198349] pci 0000:00:16.4:   bridge window [mem 0xe6900000-0xe69fffff 64bit pref]
Jan 18 19:55:31 ubuntu kernel: [    0.198603] pci 0000:00:16.5: PCI bridge to [bus 10]
Jan 18 19:55:31 ubuntu kernel: [    0.198628] pci 0000:00:16.5:   bridge window [mem 0xfbf00000-0xfbffffff]
Jan 18 19:55:31 ubuntu kernel: [    0.198654] pci 0000:00:16.5:   bridge window [mem 0xe6500000-0xe65fffff 64bit pref]
Jan 18 19:55:31 ubuntu kernel: [    0.198903] pci 0000:00:16.6: PCI bridge to [bus 11]
Jan 18 19:55:31 ubuntu kernel: [    0.198928] pci 0000:00:16.6:   bridge window [mem 0xfbb00000-0xfbbfffff]
Jan 18 19:55:31 ubuntu kernel: [    0.198953] pci 0000:00:16.6:   bridge window [mem 0xe6100000-0xe61fffff 64bit pref]
Jan 18 19:55:31 ubuntu kernel: [    0.199216] pci 0000:00:16.7: PCI bridge to [bus 12]
Jan 18 19:55:31 ubuntu kernel: [    0.199241] pci 0000:00:16.7:   bridge window [mem 0xfb700000-0xfb7fffff]
Jan 18 19:55:31 ubuntu kernel: [    0.199266] pci 0000:00:16.7:   bridge window [mem 0xe5d00000-0xe5dfffff 64bit pref]
Jan 18 19:55:31 ubuntu kernel: [    0.199536] pci 0000:00:17.0: PCI bridge to [bus 13]
Jan 18 19:55:31 ubuntu kernel: [    0.199549] pci 0000:00:17.0:   bridge window [io  0x6000-0x6fff]
Jan 18 19:55:31 ubuntu kernel: [    0.199562] pci 0000:00:17.0:   bridge window [mem 0xfd200000-0xfd2fffff]
Jan 18 19:55:31 ubuntu kernel: [    0.199588] pci 0000:00:17.0:   bridge window [mem 0xe7800000-0xe78fffff 64bit pref]
Jan 18 19:55:31 ubuntu kernel: [    0.199838] pci 0000:00:17.1: PCI bridge to [bus 14]
Jan 18 19:55:31 ubuntu kernel: [    0.199851] pci 0000:00:17.1:   bridge window [io  0xa000-0xafff]
Jan 18 19:55:31 ubuntu kernel: [    0.199865] pci 0000:00:17.1:   bridge window [mem 0xfce00000-0xfcefffff]
Jan 18 19:55:31 ubuntu kernel: [    0.199890] pci 0000:00:17.1:   bridge window [mem 0xe7400000-0xe74fffff 64bit pref]
Jan 18 19:55:31 ubuntu kernel: [    0.200155] pci 0000:00:17.2: PCI bridge to [bus 15]
Jan 18 19:55:31 ubuntu kernel: [    0.200168] pci 0000:00:17.2:   bridge window [io  0xe000-0xefff]
Jan 18 19:55:31 ubuntu kernel: [    0.200181] pci 0000:00:17.2:   bridge window [mem 0xfca00000-0xfcafffff]
Jan 18 19:55:31 ubuntu kernel: [    0.200207] pci 0000:00:17.2:   bridge window [mem 0xe7000000-0xe70fffff 64bit pref]
Jan 18 19:55:31 ubuntu kernel: [    0.200463] pci 0000:00:17.3: PCI bridge to [bus 16]
Jan 18 19:55:31 ubuntu kernel: [    0.200488] pci 0000:00:17.3:   bridge window [mem 0xfc600000-0xfc6fffff]
Jan 18 19:55:31 ubuntu kernel: [    0.200513] pci 0000:00:17.3:   bridge window [mem 0xe6c00000-0xe6cfffff 64bit pref]
Jan 18 19:55:31 ubuntu kernel: [    0.200766] pci 0000:00:17.4: PCI bridge to [bus 17]
Jan 18 19:55:31 ubuntu kernel: [    0.200791] pci 0000:00:17.4:   bridge window [mem 0xfc200000-0xfc2fffff]
Jan 18 19:55:31 ubuntu kernel: [    0.200817] pci 0000:00:17.4:   bridge window [mem 0xe6800000-0xe68fffff 64bit pref]
Jan 18 19:55:31 ubuntu kernel: [    0.201083] pci 0000:00:17.5: PCI bridge to [bus 18]
Jan 18 19:55:31 ubuntu kernel: [    0.201108] pci 0000:00:17.5:   bridge window [mem 0xfbe00000-0xfbefffff]
Jan 18 19:55:31 ubuntu kernel: [    0.201133] pci 0000:00:17.5:   bridge window [mem 0xe6400000-0xe64fffff 64bit pref]
Jan 18 19:55:31 ubuntu kernel: [    0.201392] pci 0000:00:17.6: PCI bridge to [bus 19]
Jan 18 19:55:31 ubuntu kernel: [    0.201417] pci 0000:00:17.6:   bridge window [mem 0xfba00000-0xfbafffff]
Jan 18 19:55:31 ubuntu kernel: [    0.201448] pci 0000:00:17.6:   bridge window [mem 0xe6000000-0xe60fffff 64bit pref]
Jan 18 19:55:31 ubuntu kernel: [    0.201703] pci 0000:00:17.7: PCI bridge to [bus 1a]
Jan 18 19:55:31 ubuntu kernel: [    0.201728] pci 0000:00:17.7:   bridge window [mem 0xfb600000-0xfb6fffff]
Jan 18 19:55:31 ubuntu kernel: [    0.201753] pci 0000:00:17.7:   bridge window [mem 0xe5c00000-0xe5cfffff 64bit pref]
Jan 18 19:55:31 ubuntu kernel: [    0.202003] pci 0000:00:18.0: PCI bridge to [bus 1b]
Jan 18 19:55:31 ubuntu kernel: [    0.202016] pci 0000:00:18.0:   bridge window [io  0x7000-0x7fff]
Jan 18 19:55:31 ubuntu kernel: [    0.202029] pci 0000:00:18.0:   bridge window [mem 0xfd100000-0xfd1fffff]
Jan 18 19:55:31 ubuntu kernel: [    0.202067] pci 0000:00:18.0:   bridge window [mem 0xe7700000-0xe77fffff 64bit pref]
Jan 18 19:55:31 ubuntu kernel: [    0.202330] pci 0000:00:18.1: PCI bridge to [bus 1c]
Jan 18 19:55:31 ubuntu kernel: [    0.202344] pci 0000:00:18.1:   bridge window [io  0xb000-0xbfff]
Jan 18 19:55:31 ubuntu kernel: [    0.202357] pci 0000:00:18.1:   bridge window [mem 0xfcd00000-0xfcdfffff]
Jan 18 19:55:31 ubuntu kernel: [    0.202389] pci 0000:00:18.1:   bridge window [mem 0xe7300000-0xe73fffff 64bit pref]
Jan 18 19:55:31 ubuntu kernel: [    0.202655] pci 0000:00:18.2: PCI bridge to [bus 1d]
Jan 18 19:55:31 ubuntu kernel: [    0.202680] pci 0000:00:18.2:   bridge window [mem 0xfc900000-0xfc9fffff]
Jan 18 19:55:31 ubuntu kernel: [    0.202705] pci 0000:00:18.2:   bridge window [mem 0xe6f00000-0xe6ffffff 64bit pref]
Jan 18 19:55:31 ubuntu kernel: [    0.202956] pci 0000:00:18.3: PCI bridge to [bus 1e]
Jan 18 19:55:31 ubuntu kernel: [    0.202981] pci 0000:00:18.3:   bridge window [mem 0xfc500000-0xfc5fffff]
Jan 18 19:55:31 ubuntu kernel: [    0.203007] pci 0000:00:18.3:   bridge window [mem 0xe6b00000-0xe6bfffff 64bit pref]
Jan 18 19:55:31 ubuntu kernel: [    0.203272] pci 0000:00:18.4: PCI bridge to [bus 1f]
Jan 18 19:55:31 ubuntu kernel: [    0.203298] pci 0000:00:18.4:   bridge window [mem 0xfc100000-0xfc1fffff]
Jan 18 19:55:31 ubuntu kernel: [    0.203323] pci 0000:00:18.4:   bridge window [mem 0xe6700000-0xe67fffff 64bit pref]
Jan 18 19:55:31 ubuntu kernel: [    0.203673] pci 0000:00:18.5: PCI bridge to [bus 20]
Jan 18 19:55:31 ubuntu kernel: [    0.203724] pci 0000:00:18.5:   bridge window [mem 0xfbd00000-0xfbdfffff]
Jan 18 19:55:31 ubuntu kernel: [    0.203757] pci 0000:00:18.5:   bridge window [mem 0xe6300000-0xe63fffff 64bit pref]
Jan 18 19:55:31 ubuntu kernel: [    0.204093] pci 0000:00:18.6: PCI bridge to [bus 21]
Jan 18 19:55:31 ubuntu kernel: [    0.204126] pci 0000:00:18.6:   bridge window [mem 0xfb900000-0xfb9fffff]
Jan 18 19:55:31 ubuntu kernel: [    0.204158] pci 0000:00:18.6:   bridge window [mem 0xe5f00000-0xe5ffffff 64bit pref]
Jan 18 19:55:31 ubuntu kernel: [    0.204519] pci 0000:00:18.7: PCI bridge to [bus 22]
Jan 18 19:55:31 ubuntu kernel: [    0.204551] pci 0000:00:18.7:   bridge window [mem 0xfb500000-0xfb5fffff]
Jan 18 19:55:31 ubuntu kernel: [    0.204583] pci 0000:00:18.7:   bridge window [mem 0xe5b00000-0xe5bfffff 64bit pref]
Jan 18 19:55:31 ubuntu kernel: [    0.205856] pci_bus 0000:00: on NUMA node 0
Jan 18 19:55:31 ubuntu kernel: [    0.205929] ACPI: PCI Interrupt Link [LNKA] (IRQs 3 4 5 6 7 *9 10 11 14 15)
Jan 18 19:55:31 ubuntu kernel: [    0.205977] ACPI: PCI Interrupt Link [LNKB] (IRQs 3 4 5 6 7 9 10 *11 14 15)
Jan 18 19:55:31 ubuntu kernel: [    0.206021] ACPI: PCI Interrupt Link [LNKC] (IRQs 3 4 5 6 7 9 *10 11 14 15)
Jan 18 19:55:31 ubuntu kernel: [    0.206065] ACPI: PCI Interrupt Link [LNKD] (IRQs 3 4 5 6 *7 9 10 11 14 15)
Jan 18 19:55:31 ubuntu kernel: [    0.216882] ACPI: Enabled 2 GPEs in block 00 to 0F
Jan 18 19:55:31 ubuntu kernel: [    0.216887] ACPI: \_SB_.PCI0: notify handler is installed
Jan 18 19:55:31 ubuntu kernel: [    0.216966] Found 1 acpi root devices
Jan 18 19:55:31 ubuntu kernel: [    0.217038] vgaarb: device added: PCI:0000:00:0f.0,decodes=io+mem,owns=io+mem,locks=none
Jan 18 19:55:31 ubuntu kernel: [    0.217045] vgaarb: loaded
Jan 18 19:55:31 ubuntu kernel: [    0.217045] vgaarb: bridge control possible 0000:00:0f.0
Jan 18 19:55:31 ubuntu kernel: [    0.217167] SCSI subsystem initialized
Jan 18 19:55:31 ubuntu kernel: [    0.217201] libata version 3.00 loaded.
Jan 18 19:55:31 ubuntu kernel: [    0.217213] ACPI: bus type USB registered
Jan 18 19:55:31 ubuntu kernel: [    0.217223] usbcore: registered new interface driver usbfs
Jan 18 19:55:31 ubuntu kernel: [    0.217227] usbcore: registered new interface driver hub
Jan 18 19:55:31 ubuntu kernel: [    0.217237] usbcore: registered new device driver usb
Jan 18 19:55:31 ubuntu kernel: [    0.217287] PCI: Using ACPI for IRQ routing
Jan 18 19:55:31 ubuntu kernel: [    0.236161] PCI: pci_cache_line_size set to 64 bytes
Jan 18 19:55:31 ubuntu kernel: [    0.236784] e820: reserve RAM buffer [mem 0x0009e800-0x0009ffff]
Jan 18 19:55:31 ubuntu kernel: [    0.236787] e820: reserve RAM buffer [mem 0xbfee0000-0xbfffffff]
Jan 18 19:55:31 ubuntu kernel: [    0.236860] NetLabel: Initializing
Jan 18 19:55:31 ubuntu kernel: [    0.236861] NetLabel:  domain hash size = 128
Jan 18 19:55:31 ubuntu kernel: [    0.236861] NetLabel:  protocols = UNLABELED CIPSOv4
Jan 18 19:55:31 ubuntu kernel: [    0.236868] NetLabel:  unlabeled traffic allowed by default
Jan 18 19:55:31 ubuntu kernel: [    0.237029] hpet0: at MMIO 0xfed00000, IRQs 2, 8, 0, 0, 0, 0, 0, 0, 0, 0, 0, 0, 0, 0, 0, 0
Jan 18 19:55:31 ubuntu kernel: [    0.237034] hpet0: 16 comparators, 64-bit 14.318180 MHz counter
Jan 18 19:55:31 ubuntu kernel: [    0.239113] Switched to clocksource hpet
Jan 18 19:55:31 ubuntu kernel: [    0.243857] AppArmor: AppArmor Filesystem Enabled
Jan 18 19:55:31 ubuntu kernel: [    0.243873] pnp: PnP ACPI init
Jan 18 19:55:31 ubuntu kernel: [    0.243881] ACPI: bus type PNP registered
Jan 18 19:55:31 ubuntu kernel: [    0.244021] system 00:00: [io  0x1000-0x103f] could not be reserved
Jan 18 19:55:31 ubuntu kernel: [    0.244022] system 00:00: [io  0x1040-0x104f] has been reserved
Jan 18 19:55:31 ubuntu kernel: [    0.244024] system 00:00: [io  0x0cf0-0x0cf1] has been reserved
Jan 18 19:55:31 ubuntu kernel: [    0.244026] system 00:00: Plug and Play ACPI device, IDs PNP0c02 (active)
Jan 18 19:55:31 ubuntu kernel: [    0.244031] pnp 00:01: [dma 4]
Jan 18 19:55:31 ubuntu kernel: [    0.244039] pnp 00:01: Plug and Play ACPI device, IDs PNP0200 (active)
Jan 18 19:55:31 ubuntu kernel: [    0.244048] pnp 00:02: Plug and Play ACPI device, IDs PNP0001 (active)
Jan 18 19:55:31 ubuntu kernel: [    0.244068] pnp 00:03: Plug and Play ACPI device, IDs PNP0b00 (active)
Jan 18 19:55:31 ubuntu kernel: [    0.244076] pnp 00:04: Plug and Play ACPI device, IDs PNP0800 (active)
Jan 18 19:55:31 ubuntu kernel: [    0.244087] pnp 00:05: Plug and Play ACPI device, IDs PNP0303 (active)
Jan 18 19:55:31 ubuntu kernel: [    0.244099] pnp 00:06: Plug and Play ACPI device, IDs PNP0f13 (active)
Jan 18 19:55:31 ubuntu kernel: [    0.244222] system 00:07: [mem 0xfed00000-0xfed003ff] has been reserved
Jan 18 19:55:31 ubuntu kernel: [    0.244224] system 00:07: Plug and Play ACPI device, IDs PNP0103 PNP0c01 (active)
Jan 18 19:55:31 ubuntu kernel: [    0.245035] pnp 00:08: Plug and Play ACPI device, IDs PNP0501 (active)
Jan 18 19:55:31 ubuntu kernel: [    0.245191] pnp 00:09: [dma 2]
Jan 18 19:55:31 ubuntu kernel: [    0.245210] pnp 00:09: Plug and Play ACPI device, IDs PNP0700 (active)
Jan 18 19:55:31 ubuntu kernel: [    0.245321] system 00:0a: [io  0xfce0-0xfcff] has been reserved
Jan 18 19:55:31 ubuntu kernel: [    0.245323] system 00:0a: [mem 0xf0000000-0xf7ffffff] has been reserved
Jan 18 19:55:31 ubuntu kernel: [    0.245324] system 00:0a: [mem 0xfe800000-0xfe9fffff] has been reserved
Jan 18 19:55:31 ubuntu kernel: [    0.245326] system 00:0a: Plug and Play ACPI device, IDs PNP0c02 (active)
Jan 18 19:55:31 ubuntu kernel: [    0.247940] pnp 00:0b: Plug and Play ACPI device, IDs PNP0c80 (active)
Jan 18 19:55:31 ubuntu kernel: [    0.248081] pnp 00:0c: Plug and Play ACPI device, IDs PNP0c80 (active)
Jan 18 19:55:31 ubuntu kernel: [    0.249468] pnp: PnP ACPI: found 13 devices
Jan 18 19:55:31 ubuntu kernel: [    0.249470] ACPI: bus type PNP unregistered
Jan 18 19:55:31 ubuntu kernel: [    0.249472] PnPBIOS: Disabled by ACPI PNP
Jan 18 19:55:31 ubuntu kernel: [    0.284873] pci 0000:00:15.3: bridge window [io  0x1000-0x0fff] to [bus 06] add_size 1000
Jan 18 19:55:31 ubuntu kernel: [    0.284926] pci 0000:00:15.4: bridge window [io  0x1000-0x0fff] to [bus 07] add_size 1000
Jan 18 19:55:31 ubuntu kernel: [    0.284993] pci 0000:00:15.5: bridge window [io  0x1000-0x0fff] to [bus 08] add_size 1000
Jan 18 19:55:31 ubuntu kernel: [    0.285042] pci 0000:00:15.6: bridge window [io  0x1000-0x0fff] to [bus 09] add_size 1000
Jan 18 19:55:31 ubuntu kernel: [    0.285091] pci 0000:00:15.7: bridge window [io  0x1000-0x0fff] to [bus 0a] add_size 1000
Jan 18 19:55:31 ubuntu kernel: [    0.285161] pci 0000:00:16.3: bridge window [io  0x1000-0x0fff] to [bus 0e] add_size 1000
Jan 18 19:55:31 ubuntu kernel: [    0.285210] pci 0000:00:16.4: bridge window [io  0x1000-0x0fff] to [bus 0f] add_size 1000
Jan 18 19:55:31 ubuntu kernel: [    0.285257] pci 0000:00:16.5: bridge window [io  0x1000-0x0fff] to [bus 10] add_size 1000
Jan 18 19:55:31 ubuntu kernel: [    0.285303] pci 0000:00:16.6: bridge window [io  0x1000-0x0fff] to [bus 11] add_size 1000
Jan 18 19:55:31 ubuntu kernel: [    0.285350] pci 0000:00:16.7: bridge window [io  0x1000-0x0fff] to [bus 12] add_size 1000
Jan 18 19:55:31 ubuntu kernel: [    0.285420] pci 0000:00:17.3: bridge window [io  0x1000-0x0fff] to [bus 16] add_size 1000
Jan 18 19:55:31 ubuntu kernel: [    0.285470] pci 0000:00:17.4: bridge window [io  0x1000-0x0fff] to [bus 17] add_size 1000
Jan 18 19:55:31 ubuntu kernel: [    0.285516] pci 0000:00:17.5: bridge window [io  0x1000-0x0fff] to [bus 18] add_size 1000
Jan 18 19:55:31 ubuntu kernel: [    0.285558] pci 0000:00:17.6: bridge window [io  0x1000-0x0fff] to [bus 19] add_size 1000
Jan 18 19:55:31 ubuntu kernel: [    0.285596] pci 0000:00:17.7: bridge window [io  0x1000-0x0fff] to [bus 1a] add_size 1000
Jan 18 19:55:31 ubuntu kernel: [    0.285665] pci 0000:00:18.2: bridge window [io  0x1000-0x0fff] to [bus 1d] add_size 1000
Jan 18 19:55:31 ubuntu kernel: [    0.285706] pci 0000:00:18.3: bridge window [io  0x1000-0x0fff] to [bus 1e] add_size 1000
Jan 18 19:55:31 ubuntu kernel: [    0.285747] pci 0000:00:18.4: bridge window [io  0x1000-0x0fff] to [bus 1f] add_size 1000
Jan 18 19:55:31 ubuntu kernel: [    0.285785] pci 0000:00:18.5: bridge window [io  0x1000-0x0fff] to [bus 20] add_size 1000
Jan 18 19:55:31 ubuntu kernel: [    0.285823] pci 0000:00:18.6: bridge window [io  0x1000-0x0fff] to [bus 21] add_size 1000
Jan 18 19:55:31 ubuntu kernel: [    0.285868] pci 0000:00:18.7: bridge window [io  0x1000-0x0fff] to [bus 22] add_size 1000
Jan 18 19:55:31 ubuntu kernel: [    0.285876] pci 0000:00:15.3: res[13]=[io  0x1000-0x0fff] get_res_add_size add_size 1000
Jan 18 19:55:31 ubuntu kernel: [    0.285877] pci 0000:00:15.4: res[13]=[io  0x1000-0x0fff] get_res_add_size add_size 1000
Jan 18 19:55:31 ubuntu kernel: [    0.285878] pci 0000:00:15.5: res[13]=[io  0x1000-0x0fff] get_res_add_size add_size 1000
Jan 18 19:55:31 ubuntu kernel: [    0.285880] pci 0000:00:15.6: res[13]=[io  0x1000-0x0fff] get_res_add_size add_size 1000
Jan 18 19:55:31 ubuntu kernel: [    0.285881] pci 0000:00:15.7: res[13]=[io  0x1000-0x0fff] get_res_add_size add_size 1000
Jan 18 19:55:31 ubuntu kernel: [    0.285882] pci 0000:00:16.3: res[13]=[io  0x1000-0x0fff] get_res_add_size add_size 1000
Jan 18 19:55:31 ubuntu kernel: [    0.285883] pci 0000:00:16.4: res[13]=[io  0x1000-0x0fff] get_res_add_size add_size 1000
Jan 18 19:55:31 ubuntu kernel: [    0.285885] pci 0000:00:16.5: res[13]=[io  0x1000-0x0fff] get_res_add_size add_size 1000
Jan 18 19:55:31 ubuntu kernel: [    0.285886] pci 0000:00:16.6: res[13]=[io  0x1000-0x0fff] get_res_add_size add_size 1000
Jan 18 19:55:31 ubuntu kernel: [    0.285887] pci 0000:00:16.7: res[13]=[io  0x1000-0x0fff] get_res_add_size add_size 1000
Jan 18 19:55:31 ubuntu kernel: [    0.285888] pci 0000:00:17.3: res[13]=[io  0x1000-0x0fff] get_res_add_size add_size 1000
Jan 18 19:55:31 ubuntu kernel: [    0.285890] pci 0000:00:17.4: res[13]=[io  0x1000-0x0fff] get_res_add_size add_size 1000
Jan 18 19:55:31 ubuntu kernel: [    0.285891] pci 0000:00:17.5: res[13]=[io  0x1000-0x0fff] get_res_add_size add_size 1000
Jan 18 19:55:31 ubuntu kernel: [    0.285892] pci 0000:00:17.6: res[13]=[io  0x1000-0x0fff] get_res_add_size add_size 1000
Jan 18 19:55:31 ubuntu kernel: [    0.285893] pci 0000:00:17.7: res[13]=[io  0x1000-0x0fff] get_res_add_size add_size 1000
Jan 18 19:55:31 ubuntu kernel: [    0.285894] pci 0000:00:18.2: res[13]=[io  0x1000-0x0fff] get_res_add_size add_size 1000
Jan 18 19:55:31 ubuntu kernel: [    0.285896] pci 0000:00:18.3: res[13]=[io  0x1000-0x0fff] get_res_add_size add_size 1000
Jan 18 19:55:31 ubuntu kernel: [    0.285897] pci 0000:00:18.4: res[13]=[io  0x1000-0x0fff] get_res_add_size add_size 1000
Jan 18 19:55:31 ubuntu kernel: [    0.285898] pci 0000:00:18.5: res[13]=[io  0x1000-0x0fff] get_res_add_size add_size 1000
Jan 18 19:55:31 ubuntu kernel: [    0.285899] pci 0000:00:18.6: res[13]=[io  0x1000-0x0fff] get_res_add_size add_size 1000
Jan 18 19:55:31 ubuntu kernel: [    0.285901] pci 0000:00:18.7: res[13]=[io  0x1000-0x0fff] get_res_add_size add_size 1000
Jan 18 19:55:31 ubuntu kernel: [    0.285904] pci 0000:00:0f.0: BAR 6: assigned [mem 0xc0000000-0xc0007fff pref]
Jan 18 19:55:31 ubuntu kernel: [    0.285907] pci 0000:00:10.0: BAR 6: assigned [mem 0xc0008000-0xc000bfff pref]
Jan 18 19:55:31 ubuntu kernel: [    0.285909] pci 0000:00:15.3: BAR 13: can't assign io (size 0x1000)
Jan 18 19:55:31 ubuntu kernel: [    0.285912] pci 0000:00:15.4: BAR 13: can't assign io (size 0x1000)
Jan 18 19:55:31 ubuntu kernel: [    0.285913] pci 0000:00:15.5: BAR 13: can't assign io (size 0x1000)
Jan 18 19:55:31 ubuntu kernel: [    0.285915] pci 0000:00:15.6: BAR 13: can't assign io (size 0x1000)
Jan 18 19:55:31 ubuntu kernel: [    0.285917] pci 0000:00:15.7: BAR 13: can't assign io (size 0x1000)
Jan 18 19:55:31 ubuntu kernel: [    0.285918] pci 0000:00:16.3: BAR 13: can't assign io (size 0x1000)
Jan 18 19:55:31 ubuntu kernel: [    0.285920] pci 0000:00:16.4: BAR 13: can't assign io (size 0x1000)
Jan 18 19:55:31 ubuntu kernel: [    0.285922] pci 0000:00:16.5: BAR 13: can't assign io (size 0x1000)
Jan 18 19:55:31 ubuntu kernel: [    0.285923] pci 0000:00:16.6: BAR 13: can't assign io (size 0x1000)
Jan 18 19:55:31 ubuntu kernel: [    0.285925] pci 0000:00:16.7: BAR 13: can't assign io (size 0x1000)
Jan 18 19:55:31 ubuntu kernel: [    0.285927] pci 0000:00:17.3: BAR 13: can't assign io (size 0x1000)
Jan 18 19:55:31 ubuntu kernel: [    0.285928] pci 0000:00:17.4: BAR 13: can't assign io (size 0x1000)
Jan 18 19:55:31 ubuntu kernel: [    0.285930] pci 0000:00:17.5: BAR 13: can't assign io (size 0x1000)
Jan 18 19:55:31 ubuntu kernel: [    0.285932] pci 0000:00:17.6: BAR 13: can't assign io (size 0x1000)
Jan 18 19:55:31 ubuntu kernel: [    0.285933] pci 0000:00:17.7: BAR 13: can't assign io (size 0x1000)
Jan 18 19:55:31 ubuntu kernel: [    0.285935] pci 0000:00:18.2: BAR 13: can't assign io (size 0x1000)
Jan 18 19:55:31 ubuntu kernel: [    0.285937] pci 0000:00:18.3: BAR 13: can't assign io (size 0x1000)
Jan 18 19:55:31 ubuntu kernel: [    0.285938] pci 0000:00:18.4: BAR 13: can't assign io (size 0x1000)
Jan 18 19:55:31 ubuntu kernel: [    0.285942] pci 0000:00:18.5: BAR 13: can't assign io (size 0x1000)
Jan 18 19:55:31 ubuntu kernel: [    0.285943] pci 0000:00:18.6: BAR 13: can't assign io (size 0x1000)
Jan 18 19:55:31 ubuntu kernel: [    0.285945] pci 0000:00:18.7: BAR 13: can't assign io (size 0x1000)
Jan 18 19:55:31 ubuntu kernel: [    0.285948] pci 0000:00:18.7: BAR 13: can't assign io (size 0x1000)
Jan 18 19:55:31 ubuntu kernel: [    0.285950] pci 0000:00:18.6: BAR 13: can't assign io (size 0x1000)
Jan 18 19:55:31 ubuntu kernel: [    0.285952] pci 0000:00:18.5: BAR 13: can't assign io (size 0x1000)
Jan 18 19:55:31 ubuntu kernel: [    0.285953] pci 0000:00:18.4: BAR 13: can't assign io (size 0x1000)
Jan 18 19:55:31 ubuntu kernel: [    0.285955] pci 0000:00:18.3: BAR 13: can't assign io (size 0x1000)
Jan 18 19:55:31 ubuntu kernel: [    0.285957] pci 0000:00:18.2: BAR 13: can't assign io (size 0x1000)
Jan 18 19:55:31 ubuntu kernel: [    0.285959] pci 0000:00:17.7: BAR 13: can't assign io (size 0x1000)
Jan 18 19:55:31 ubuntu kernel: [    0.285960] pci 0000:00:17.6: BAR 13: can't assign io (size 0x1000)
Jan 18 19:55:31 ubuntu kernel: [    0.285962] pci 0000:00:17.5: BAR 13: can't assign io (size 0x1000)
Jan 18 19:55:31 ubuntu kernel: [    0.285964] pci 0000:00:17.4: BAR 13: can't assign io (size 0x1000)
Jan 18 19:55:31 ubuntu kernel: [    0.285965] pci 0000:00:17.3: BAR 13: can't assign io (size 0x1000)
Jan 18 19:55:31 ubuntu kernel: [    0.285967] pci 0000:00:16.7: BAR 13: can't assign io (size 0x1000)
Jan 18 19:55:31 ubuntu kernel: [    0.285969] pci 0000:00:16.6: BAR 13: can't assign io (size 0x1000)
Jan 18 19:55:31 ubuntu kernel: [    0.285970] pci 0000:00:16.5: BAR 13: can't assign io (size 0x1000)
Jan 18 19:55:31 ubuntu kernel: [    0.285972] pci 0000:00:16.4: BAR 13: can't assign io (size 0x1000)
Jan 18 19:55:31 ubuntu kernel: [    0.285974] pci 0000:00:16.3: BAR 13: can't assign io (size 0x1000)
Jan 18 19:55:31 ubuntu kernel: [    0.285975] pci 0000:00:15.7: BAR 13: can't assign io (size 0x1000)
Jan 18 19:55:31 ubuntu kernel: [    0.285977] pci 0000:00:15.6: BAR 13: can't assign io (size 0x1000)
Jan 18 19:55:31 ubuntu kernel: [    0.285978] pci 0000:00:15.5: BAR 13: can't assign io (size 0x1000)
Jan 18 19:55:31 ubuntu kernel: [    0.285980] pci 0000:00:15.4: BAR 13: can't assign io (size 0x1000)
Jan 18 19:55:31 ubuntu kernel: [    0.285982] pci 0000:00:15.3: BAR 13: can't assign io (size 0x1000)
Jan 18 19:55:31 ubuntu kernel: [    0.285984] pci 0000:00:01.0: PCI bridge to [bus 01]
Jan 18 19:55:31 ubuntu kernel: [    0.286043] pci 0000:02:01.0: BAR 6: assigned [mem 0xe7b00000-0xe7b0ffff pref]
Jan 18 19:55:31 ubuntu kernel: [    0.286045] pci 0000:02:05.0: BAR 6: assigned [mem 0xe7b10000-0xe7b1ffff pref]
Jan 18 19:55:31 ubuntu kernel: [    0.286046] pci 0000:00:11.0: PCI bridge to [bus 02]
Jan 18 19:55:31 ubuntu kernel: [    0.286054] pci 0000:00:11.0:   bridge window [io  0x2000-0x3fff]
Jan 18 19:55:31 ubuntu kernel: [    0.286074] pci 0000:00:11.0:   bridge window [mem 0xfd500000-0xfdffffff]
Jan 18 19:55:31 ubuntu kernel: [    0.286088] pci 0000:00:11.0:   bridge window [mem 0xe7b00000-0xe7ffffff 64bit pref]
Jan 18 19:55:31 ubuntu kernel: [    0.286114] pci 0000:00:15.0: PCI bridge to [bus 03]
Jan 18 19:55:31 ubuntu kernel: [    0.286121] pci 0000:00:15.0:   bridge window [io  0x4000-0x4fff]
Jan 18 19:55:31 ubuntu kernel: [    0.286141] pci 0000:00:15.0:   bridge window [mem 0xfd400000-0xfd4fffff]
Jan 18 19:55:31 ubuntu kernel: [    0.286154] pci 0000:00:15.0:   bridge window [mem 0xe7a00000-0xe7afffff 64bit pref]
Jan 18 19:55:31 ubuntu kernel: [    0.286222] pci 0000:00:15.1: PCI bridge to [bus 04]
Jan 18 19:55:31 ubuntu kernel: [    0.286230] pci 0000:00:15.1:   bridge window [io  0x8000-0x8fff]
Jan 18 19:55:31 ubuntu kernel: [    0.286250] pci 0000:00:15.1:   bridge window [mem 0xfd000000-0xfd0fffff]
Jan 18 19:55:31 ubuntu kernel: [    0.286263] pci 0000:00:15.1:   bridge window [mem 0xe7600000-0xe76fffff 64bit pref]
Jan 18 19:55:31 ubuntu kernel: [    0.286296] pci 0000:00:15.2: PCI bridge to [bus 05]
Jan 18 19:55:31 ubuntu kernel: [    0.286304] pci 0000:00:15.2:   bridge window [io  0xc000-0xcfff]
Jan 18 19:55:31 ubuntu kernel: [    0.286324] pci 0000:00:15.2:   bridge window [mem 0xfcc00000-0xfccfffff]
Jan 18 19:55:31 ubuntu kernel: [    0.286337] pci 0000:00:15.2:   bridge window [mem 0xe7200000-0xe72fffff 64bit pref]
Jan 18 19:55:31 ubuntu kernel: [    0.286368] pci 0000:00:15.3: PCI bridge to [bus 06]
Jan 18 19:55:31 ubuntu kernel: [    0.286388] pci 0000:00:15.3:   bridge window [mem 0xfc800000-0xfc8fffff]
Jan 18 19:55:31 ubuntu kernel: [    0.286402] pci 0000:00:15.3:   bridge window [mem 0xe6e00000-0xe6efffff 64bit pref]
Jan 18 19:55:31 ubuntu kernel: [    0.286432] pci 0000:00:15.4: PCI bridge to [bus 07]
Jan 18 19:55:31 ubuntu kernel: [    0.286452] pci 0000:00:15.4:   bridge window [mem 0xfc400000-0xfc4fffff]
Jan 18 19:55:31 ubuntu kernel: [    0.286465] pci 0000:00:15.4:   bridge window [mem 0xe6a00000-0xe6afffff 64bit pref]
Jan 18 19:55:31 ubuntu kernel: [    0.286495] pci 0000:00:15.5: PCI bridge to [bus 08]
Jan 18 19:55:31 ubuntu kernel: [    0.286515] pci 0000:00:15.5:   bridge window [mem 0xfc000000-0xfc0fffff]
Jan 18 19:55:31 ubuntu kernel: [    0.286528] pci 0000:00:15.5:   bridge window [mem 0xe6600000-0xe66fffff 64bit pref]
Jan 18 19:55:31 ubuntu kernel: [    0.286558] pci 0000:00:15.6: PCI bridge to [bus 09]
Jan 18 19:55:31 ubuntu kernel: [    0.286578] pci 0000:00:15.6:   bridge window [mem 0xfbc00000-0xfbcfffff]
Jan 18 19:55:31 ubuntu kernel: [    0.286592] pci 0000:00:15.6:   bridge window [mem 0xe6200000-0xe62fffff 64bit pref]
Jan 18 19:55:31 ubuntu kernel: [    0.286622] pci 0000:00:15.7: PCI bridge to [bus 0a]
Jan 18 19:55:31 ubuntu kernel: [    0.286642] pci 0000:00:15.7:   bridge window [mem 0xfb800000-0xfb8fffff]
Jan 18 19:55:31 ubuntu kernel: [    0.286655] pci 0000:00:15.7:   bridge window [mem 0xe5e00000-0xe5efffff 64bit pref]
Jan 18 19:55:31 ubuntu kernel: [    0.286685] pci 0000:00:16.0: PCI bridge to [bus 0b]
Jan 18 19:55:31 ubuntu kernel: [    0.286693] pci 0000:00:16.0:   bridge window [io  0x5000-0x5fff]
Jan 18 19:55:31 ubuntu kernel: [    0.286715] pci 0000:00:16.0:   bridge window [mem 0xfd300000-0xfd3fffff]
Jan 18 19:55:31 ubuntu kernel: [    0.286729] pci 0000:00:16.0:   bridge window [mem 0xe7900000-0xe79fffff 64bit pref]
Jan 18 19:55:31 ubuntu kernel: [    0.286760] pci 0000:00:16.1: PCI bridge to [bus 0c]
Jan 18 19:55:31 ubuntu kernel: [    0.286768] pci 0000:00:16.1:   bridge window [io  0x9000-0x9fff]
Jan 18 19:55:31 ubuntu kernel: [    0.286788] pci 0000:00:16.1:   bridge window [mem 0xfcf00000-0xfcffffff]
Jan 18 19:55:31 ubuntu kernel: [    0.286801] pci 0000:00:16.1:   bridge window [mem 0xe7500000-0xe75fffff 64bit pref]
Jan 18 19:55:31 ubuntu kernel: [    0.286831] pci 0000:00:16.2: PCI bridge to [bus 0d]
Jan 18 19:55:31 ubuntu kernel: [    0.286839] pci 0000:00:16.2:   bridge window [io  0xd000-0xdfff]
Jan 18 19:55:31 ubuntu kernel: [    0.286859] pci 0000:00:16.2:   bridge window [mem 0xfcb00000-0xfcbfffff]
Jan 18 19:55:31 ubuntu kernel: [    0.286872] pci 0000:00:16.2:   bridge window [mem 0xe7100000-0xe71fffff 64bit pref]
Jan 18 19:55:31 ubuntu kernel: [    0.286903] pci 0000:00:16.3: PCI bridge to [bus 0e]
Jan 18 19:55:31 ubuntu kernel: [    0.286922] pci 0000:00:16.3:   bridge window [mem 0xfc700000-0xfc7fffff]
Jan 18 19:55:31 ubuntu kernel: [    0.286936] pci 0000:00:16.3:   bridge window [mem 0xe6d00000-0xe6dfffff 64bit pref]
Jan 18 19:55:31 ubuntu kernel: [    0.286966] pci 0000:00:16.4: PCI bridge to [bus 0f]
Jan 18 19:55:31 ubuntu kernel: [    0.286986] pci 0000:00:16.4:   bridge window [mem 0xfc300000-0xfc3fffff]
Jan 18 19:55:31 ubuntu kernel: [    0.286999] pci 0000:00:16.4:   bridge window [mem 0xe6900000-0xe69fffff 64bit pref]
Jan 18 19:55:31 ubuntu kernel: [    0.287029] pci 0000:00:16.5: PCI bridge to [bus 10]
Jan 18 19:55:31 ubuntu kernel: [    0.287049] pci 0000:00:16.5:   bridge window [mem 0xfbf00000-0xfbffffff]
Jan 18 19:55:31 ubuntu kernel: [    0.287063] pci 0000:00:16.5:   bridge window [mem 0xe6500000-0xe65fffff 64bit pref]
Jan 18 19:55:31 ubuntu kernel: [    0.287096] pci 0000:00:16.6: PCI bridge to [bus 11]
Jan 18 19:55:31 ubuntu kernel: [    0.287115] pci 0000:00:16.6:   bridge window [mem 0xfbb00000-0xfbbfffff]
Jan 18 19:55:31 ubuntu kernel: [    0.287129] pci 0000:00:16.6:   bridge window [mem 0xe6100000-0xe61fffff 64bit pref]
Jan 18 19:55:31 ubuntu kernel: [    0.287161] pci 0000:00:16.7: PCI bridge to [bus 12]
Jan 18 19:55:31 ubuntu kernel: [    0.287207] pci 0000:00:16.7:   bridge window [mem 0xfb700000-0xfb7fffff]
Jan 18 19:55:31 ubuntu kernel: [    0.287221] pci 0000:00:16.7:   bridge window [mem 0xe5d00000-0xe5dfffff 64bit pref]
Jan 18 19:55:31 ubuntu kernel: [    0.287254] pci 0000:00:17.0: PCI bridge to [bus 13]
Jan 18 19:55:31 ubuntu kernel: [    0.287262] pci 0000:00:17.0:   bridge window [io  0x6000-0x6fff]
Jan 18 19:55:31 ubuntu kernel: [    0.287281] pci 0000:00:17.0:   bridge window [mem 0xfd200000-0xfd2fffff]
Jan 18 19:55:31 ubuntu kernel: [    0.287295] pci 0000:00:17.0:   bridge window [mem 0xe7800000-0xe78fffff 64bit pref]
Jan 18 19:55:31 ubuntu kernel: [    0.287325] pci 0000:00:17.1: PCI bridge to [bus 14]
Jan 18 19:55:31 ubuntu kernel: [    0.287333] pci 0000:00:17.1:   bridge window [io  0xa000-0xafff]
Jan 18 19:55:31 ubuntu kernel: [    0.287352] pci 0000:00:17.1:   bridge window [mem 0xfce00000-0xfcefffff]
Jan 18 19:55:31 ubuntu kernel: [    0.287366] pci 0000:00:17.1:   bridge window [mem 0xe7400000-0xe74fffff 64bit pref]
Jan 18 19:55:31 ubuntu kernel: [    0.287396] pci 0000:00:17.2: PCI bridge to [bus 15]
Jan 18 19:55:31 ubuntu kernel: [    0.287404] pci 0000:00:17.2:   bridge window [io  0xe000-0xefff]
Jan 18 19:55:31 ubuntu kernel: [    0.287423] pci 0000:00:17.2:   bridge window [mem 0xfca00000-0xfcafffff]
Jan 18 19:55:31 ubuntu kernel: [    0.287437] pci 0000:00:17.2:   bridge window [mem 0xe7000000-0xe70fffff 64bit pref]
Jan 18 19:55:31 ubuntu kernel: [    0.287467] pci 0000:00:17.3: PCI bridge to [bus 16]
Jan 18 19:55:31 ubuntu kernel: [    0.287487] pci 0000:00:17.3:   bridge window [mem 0xfc600000-0xfc6fffff]
Jan 18 19:55:31 ubuntu kernel: [    0.287500] pci 0000:00:17.3:   bridge window [mem 0xe6c00000-0xe6cfffff 64bit pref]
Jan 18 19:55:31 ubuntu kernel: [    0.287530] pci 0000:00:17.4: PCI bridge to [bus 17]
Jan 18 19:55:31 ubuntu kernel: [    0.287550] pci 0000:00:17.4:   bridge window [mem 0xfc200000-0xfc2fffff]
Jan 18 19:55:31 ubuntu kernel: [    0.287564] pci 0000:00:17.4:   bridge window [mem 0xe6800000-0xe68fffff 64bit pref]
Jan 18 19:55:31 ubuntu kernel: [    0.287594] pci 0000:00:17.5: PCI bridge to [bus 18]
Jan 18 19:55:31 ubuntu kernel: [    0.287614] pci 0000:00:17.5:   bridge window [mem 0xfbe00000-0xfbefffff]
Jan 18 19:55:31 ubuntu kernel: [    0.287627] pci 0000:00:17.5:   bridge window [mem 0xe6400000-0xe64fffff 64bit pref]
Jan 18 19:55:31 ubuntu kernel: [    0.287657] pci 0000:00:17.6: PCI bridge to [bus 19]
Jan 18 19:55:31 ubuntu kernel: [    0.287677] pci 0000:00:17.6:   bridge window [mem 0xfba00000-0xfbafffff]
Jan 18 19:55:31 ubuntu kernel: [    0.287696] pci 0000:00:17.6:   bridge window [mem 0xe6000000-0xe60fffff 64bit pref]
Jan 18 19:55:31 ubuntu kernel: [    0.287740] pci 0000:00:17.7: PCI bridge to [bus 1a]
Jan 18 19:55:31 ubuntu kernel: [    0.287762] pci 0000:00:17.7:   bridge window [mem 0xfb600000-0xfb6fffff]
Jan 18 19:55:31 ubuntu kernel: [    0.287776] pci 0000:00:17.7:   bridge window [mem 0xe5c00000-0xe5cfffff 64bit pref]
Jan 18 19:55:31 ubuntu kernel: [    0.287807] pci 0000:00:18.0: PCI bridge to [bus 1b]
Jan 18 19:55:31 ubuntu kernel: [    0.287815] pci 0000:00:18.0:   bridge window [io  0x7000-0x7fff]
Jan 18 19:55:31 ubuntu kernel: [    0.287835] pci 0000:00:18.0:   bridge window [mem 0xfd100000-0xfd1fffff]
Jan 18 19:55:31 ubuntu kernel: [    0.287848] pci 0000:00:18.0:   bridge window [mem 0xe7700000-0xe77fffff 64bit pref]
Jan 18 19:55:31 ubuntu kernel: [    0.287879] pci 0000:00:18.1: PCI bridge to [bus 1c]
Jan 18 19:55:31 ubuntu kernel: [    0.287887] pci 0000:00:18.1:   bridge window [io  0xb000-0xbfff]
Jan 18 19:55:31 ubuntu kernel: [    0.287906] pci 0000:00:18.1:   bridge window [mem 0xfcd00000-0xfcdfffff]
Jan 18 19:55:31 ubuntu kernel: [    0.287920] pci 0000:00:18.1:   bridge window [mem 0xe7300000-0xe73fffff 64bit pref]
Jan 18 19:55:31 ubuntu kernel: [    0.287950] pci 0000:00:18.2: PCI bridge to [bus 1d]
Jan 18 19:55:31 ubuntu kernel: [    0.287970] pci 0000:00:18.2:   bridge window [mem 0xfc900000-0xfc9fffff]
Jan 18 19:55:31 ubuntu kernel: [    0.287983] pci 0000:00:18.2:   bridge window [mem 0xe6f00000-0xe6ffffff 64bit pref]
Jan 18 19:55:31 ubuntu kernel: [    0.288013] pci 0000:00:18.3: PCI bridge to [bus 1e]
Jan 18 19:55:31 ubuntu kernel: [    0.288033] pci 0000:00:18.3:   bridge window [mem 0xfc500000-0xfc5fffff]
Jan 18 19:55:31 ubuntu kernel: [    0.288047] pci 0000:00:18.3:   bridge window [mem 0xe6b00000-0xe6bfffff 64bit pref]
Jan 18 19:55:31 ubuntu kernel: [    0.288077] pci 0000:00:18.4: PCI bridge to [bus 1f]
Jan 18 19:55:31 ubuntu kernel: [    0.288097] pci 0000:00:18.4:   bridge window [mem 0xfc100000-0xfc1fffff]
Jan 18 19:55:31 ubuntu kernel: [    0.288110] pci 0000:00:18.4:   bridge window [mem 0xe6700000-0xe67fffff 64bit pref]
Jan 18 19:55:31 ubuntu kernel: [    0.288140] pci 0000:00:18.5: PCI bridge to [bus 20]
Jan 18 19:55:31 ubuntu kernel: [    0.288160] pci 0000:00:18.5:   bridge window [mem 0xfbd00000-0xfbdfffff]
Jan 18 19:55:31 ubuntu kernel: [    0.288174] pci 0000:00:18.5:   bridge window [mem 0xe6300000-0xe63fffff 64bit pref]
Jan 18 19:55:31 ubuntu kernel: [    0.288212] pci 0000:00:18.6: PCI bridge to [bus 21]
Jan 18 19:55:31 ubuntu kernel: [    0.288232] pci 0000:00:18.6:   bridge window [mem 0xfb900000-0xfb9fffff]
Jan 18 19:55:31 ubuntu kernel: [    0.288245] pci 0000:00:18.6:   bridge window [mem 0xe5f00000-0xe5ffffff 64bit pref]
Jan 18 19:55:31 ubuntu kernel: [    0.288275] pci 0000:00:18.7: PCI bridge to [bus 22]
Jan 18 19:55:31 ubuntu kernel: [    0.288295] pci 0000:00:18.7:   bridge window [mem 0xfb500000-0xfb5fffff]
Jan 18 19:55:31 ubuntu kernel: [    0.288313] pci 0000:00:18.7:   bridge window [mem 0xe5b00000-0xe5bfffff 64bit pref]
Jan 18 19:55:31 ubuntu kernel: [    0.288354] pci_bus 0000:00: resource 4 [mem 0x000a0000-0x000bffff]
Jan 18 19:55:31 ubuntu kernel: [    0.288355] pci_bus 0000:00: resource 5 [mem 0x000d0000-0x000d3fff]
Jan 18 19:55:31 ubuntu kernel: [    0.288356] pci_bus 0000:00: resource 6 [mem 0x000d4000-0x000d7fff]
Jan 18 19:55:31 ubuntu kernel: [    0.288358] pci_bus 0000:00: resource 7 [mem 0x000d8000-0x000dbfff]
Jan 18 19:55:31 ubuntu kernel: [    0.288359] pci_bus 0000:00: resource 8 [mem 0xc0000000-0xfebfffff]
Jan 18 19:55:31 ubuntu kernel: [    0.288360] pci_bus 0000:00: resource 9 [io  0x0000-0x0cf7]
Jan 18 19:55:31 ubuntu kernel: [    0.288362] pci_bus 0000:00: resource 10 [io  0x0d00-0xfeff]
Jan 18 19:55:31 ubuntu kernel: [    0.288364] pci_bus 0000:02: resource 0 [io  0x2000-0x3fff]
Jan 18 19:55:31 ubuntu kernel: [    0.288367] pci_bus 0000:02: resource 1 [mem 0xfd500000-0xfdffffff]
Jan 18 19:55:31 ubuntu kernel: [    0.288368] pci_bus 0000:02: resource 2 [mem 0xe7b00000-0xe7ffffff 64bit pref]
Jan 18 19:55:31 ubuntu kernel: [    0.288370] pci_bus 0000:02: resource 4 [mem 0x000a0000-0x000bffff]
Jan 18 19:55:31 ubuntu kernel: [    0.288372] pci_bus 0000:02: resource 5 [mem 0x000d0000-0x000d3fff]
Jan 18 19:55:31 ubuntu kernel: [    0.288374] pci_bus 0000:02: resource 6 [mem 0x000d4000-0x000d7fff]
Jan 18 19:55:31 ubuntu kernel: [    0.288376] pci_bus 0000:02: resource 7 [mem 0x000d8000-0x000dbfff]
Jan 18 19:55:31 ubuntu kernel: [    0.288377] pci_bus 0000:02: resource 8 [mem 0xc0000000-0xfebfffff]
Jan 18 19:55:31 ubuntu kernel: [    0.288379] pci_bus 0000:02: resource 9 [io  0x0000-0x0cf7]
Jan 18 19:55:31 ubuntu kernel: [    0.288380] pci_bus 0000:02: resource 10 [io  0x0d00-0xfeff]
Jan 18 19:55:31 ubuntu kernel: [    0.288382] pci_bus 0000:03: resource 0 [io  0x4000-0x4fff]
Jan 18 19:55:31 ubuntu kernel: [    0.288383] pci_bus 0000:03: resource 1 [mem 0xfd400000-0xfd4fffff]
Jan 18 19:55:31 ubuntu kernel: [    0.288384] pci_bus 0000:03: resource 2 [mem 0xe7a00000-0xe7afffff 64bit pref]
Jan 18 19:55:31 ubuntu kernel: [    0.288385] pci_bus 0000:04: resource 0 [io  0x8000-0x8fff]
Jan 18 19:55:31 ubuntu kernel: [    0.288387] pci_bus 0000:04: resource 1 [mem 0xfd000000-0xfd0fffff]
Jan 18 19:55:31 ubuntu kernel: [    0.288388] pci_bus 0000:04: resource 2 [mem 0xe7600000-0xe76fffff 64bit pref]
Jan 18 19:55:31 ubuntu kernel: [    0.288389] pci_bus 0000:05: resource 0 [io  0xc000-0xcfff]
Jan 18 19:55:31 ubuntu kernel: [    0.288390] pci_bus 0000:05: resource 1 [mem 0xfcc00000-0xfccfffff]
Jan 18 19:55:31 ubuntu kernel: [    0.288391] pci_bus 0000:05: resource 2 [mem 0xe7200000-0xe72fffff 64bit pref]
Jan 18 19:55:31 ubuntu kernel: [    0.288393] pci_bus 0000:06: resource 1 [mem 0xfc800000-0xfc8fffff]
Jan 18 19:55:31 ubuntu kernel: [    0.288394] pci_bus 0000:06: resource 2 [mem 0xe6e00000-0xe6efffff 64bit pref]
Jan 18 19:55:31 ubuntu kernel: [    0.288395] pci_bus 0000:07: resource 1 [mem 0xfc400000-0xfc4fffff]
Jan 18 19:55:31 ubuntu kernel: [    0.288396] pci_bus 0000:07: resource 2 [mem 0xe6a00000-0xe6afffff 64bit pref]
Jan 18 19:55:31 ubuntu kernel: [    0.288398] pci_bus 0000:08: resource 1 [mem 0xfc000000-0xfc0fffff]
Jan 18 19:55:31 ubuntu kernel: [    0.288399] pci_bus 0000:08: resource 2 [mem 0xe6600000-0xe66fffff 64bit pref]
Jan 18 19:55:31 ubuntu kernel: [    0.288400] pci_bus 0000:09: resource 1 [mem 0xfbc00000-0xfbcfffff]
Jan 18 19:55:31 ubuntu kernel: [    0.288401] pci_bus 0000:09: resource 2 [mem 0xe6200000-0xe62fffff 64bit pref]
Jan 18 19:55:31 ubuntu kernel: [    0.288403] pci_bus 0000:0a: resource 1 [mem 0xfb800000-0xfb8fffff]
Jan 18 19:55:31 ubuntu kernel: [    0.288404] pci_bus 0000:0a: resource 2 [mem 0xe5e00000-0xe5efffff 64bit pref]
Jan 18 19:55:31 ubuntu kernel: [    0.288405] pci_bus 0000:0b: resource 0 [io  0x5000-0x5fff]
Jan 18 19:55:31 ubuntu kernel: [    0.288407] pci_bus 0000:0b: resource 1 [mem 0xfd300000-0xfd3fffff]
Jan 18 19:55:31 ubuntu kernel: [    0.288408] pci_bus 0000:0b: resource 2 [mem 0xe7900000-0xe79fffff 64bit pref]
Jan 18 19:55:31 ubuntu kernel: [    0.288409] pci_bus 0000:0c: resource 0 [io  0x9000-0x9fff]
Jan 18 19:55:31 ubuntu kernel: [    0.288410] pci_bus 0000:0c: resource 1 [mem 0xfcf00000-0xfcffffff]
Jan 18 19:55:31 ubuntu kernel: [    0.288411] pci_bus 0000:0c: resource 2 [mem 0xe7500000-0xe75fffff 64bit pref]
Jan 18 19:55:31 ubuntu kernel: [    0.288413] pci_bus 0000:0d: resource 0 [io  0xd000-0xdfff]
Jan 18 19:55:31 ubuntu kernel: [    0.288414] pci_bus 0000:0d: resource 1 [mem 0xfcb00000-0xfcbfffff]
Jan 18 19:55:31 ubuntu kernel: [    0.288415] pci_bus 0000:0d: resource 2 [mem 0xe7100000-0xe71fffff 64bit pref]
Jan 18 19:55:31 ubuntu kernel: [    0.288416] pci_bus 0000:0e: resource 1 [mem 0xfc700000-0xfc7fffff]
Jan 18 19:55:31 ubuntu kernel: [    0.288418] pci_bus 0000:0e: resource 2 [mem 0xe6d00000-0xe6dfffff 64bit pref]
Jan 18 19:55:31 ubuntu kernel: [    0.288419] pci_bus 0000:0f: resource 1 [mem 0xfc300000-0xfc3fffff]
Jan 18 19:55:31 ubuntu kernel: [    0.288420] pci_bus 0000:0f: resource 2 [mem 0xe6900000-0xe69fffff 64bit pref]
Jan 18 19:55:31 ubuntu kernel: [    0.288421] pci_bus 0000:10: resource 1 [mem 0xfbf00000-0xfbffffff]
Jan 18 19:55:31 ubuntu kernel: [    0.288423] pci_bus 0000:10: resource 2 [mem 0xe6500000-0xe65fffff 64bit pref]
Jan 18 19:55:31 ubuntu kernel: [    0.288424] pci_bus 0000:11: resource 1 [mem 0xfbb00000-0xfbbfffff]
Jan 18 19:55:31 ubuntu kernel: [    0.288425] pci_bus 0000:11: resource 2 [mem 0xe6100000-0xe61fffff 64bit pref]
Jan 18 19:55:31 ubuntu kernel: [    0.288426] pci_bus 0000:12: resource 1 [mem 0xfb700000-0xfb7fffff]
Jan 18 19:55:31 ubuntu kernel: [    0.288428] pci_bus 0000:12: resource 2 [mem 0xe5d00000-0xe5dfffff 64bit pref]
Jan 18 19:55:31 ubuntu kernel: [    0.288429] pci_bus 0000:13: resource 0 [io  0x6000-0x6fff]
Jan 18 19:55:31 ubuntu kernel: [    0.288430] pci_bus 0000:13: resource 1 [mem 0xfd200000-0xfd2fffff]
Jan 18 19:55:31 ubuntu kernel: [    0.288431] pci_bus 0000:13: resource 2 [mem 0xe7800000-0xe78fffff 64bit pref]
Jan 18 19:55:31 ubuntu kernel: [    0.288433] pci_bus 0000:14: resource 0 [io  0xa000-0xafff]
Jan 18 19:55:31 ubuntu kernel: [    0.288434] pci_bus 0000:14: resource 1 [mem 0xfce00000-0xfcefffff]
Jan 18 19:55:31 ubuntu kernel: [    0.288435] pci_bus 0000:14: resource 2 [mem 0xe7400000-0xe74fffff 64bit pref]
Jan 18 19:55:31 ubuntu kernel: [    0.288436] pci_bus 0000:15: resource 0 [io  0xe000-0xefff]
Jan 18 19:55:31 ubuntu kernel: [    0.288437] pci_bus 0000:15: resource 1 [mem 0xfca00000-0xfcafffff]
Jan 18 19:55:31 ubuntu kernel: [    0.288439] pci_bus 0000:15: resource 2 [mem 0xe7000000-0xe70fffff 64bit pref]
Jan 18 19:55:31 ubuntu kernel: [    0.288440] pci_bus 0000:16: resource 1 [mem 0xfc600000-0xfc6fffff]
Jan 18 19:55:31 ubuntu kernel: [    0.288441] pci_bus 0000:16: resource 2 [mem 0xe6c00000-0xe6cfffff 64bit pref]
Jan 18 19:55:31 ubuntu kernel: [    0.288442] pci_bus 0000:17: resource 1 [mem 0xfc200000-0xfc2fffff]
Jan 18 19:55:31 ubuntu kernel: [    0.288444] pci_bus 0000:17: resource 2 [mem 0xe6800000-0xe68fffff 64bit pref]
Jan 18 19:55:31 ubuntu kernel: [    0.288445] pci_bus 0000:18: resource 1 [mem 0xfbe00000-0xfbefffff]
Jan 18 19:55:31 ubuntu kernel: [    0.288446] pci_bus 0000:18: resource 2 [mem 0xe6400000-0xe64fffff 64bit pref]
Jan 18 19:55:31 ubuntu kernel: [    0.288447] pci_bus 0000:19: resource 1 [mem 0xfba00000-0xfbafffff]
Jan 18 19:55:31 ubuntu kernel: [    0.288449] pci_bus 0000:19: resource 2 [mem 0xe6000000-0xe60fffff 64bit pref]
Jan 18 19:55:31 ubuntu kernel: [    0.288450] pci_bus 0000:1a: resource 1 [mem 0xfb600000-0xfb6fffff]
Jan 18 19:55:31 ubuntu kernel: [    0.288451] pci_bus 0000:1a: resource 2 [mem 0xe5c00000-0xe5cfffff 64bit pref]
Jan 18 19:55:31 ubuntu kernel: [    0.288452] pci_bus 0000:1b: resource 0 [io  0x7000-0x7fff]
Jan 18 19:55:31 ubuntu kernel: [    0.288454] pci_bus 0000:1b: resource 1 [mem 0xfd100000-0xfd1fffff]
Jan 18 19:55:31 ubuntu kernel: [    0.288455] pci_bus 0000:1b: resource 2 [mem 0xe7700000-0xe77fffff 64bit pref]
Jan 18 19:55:31 ubuntu kernel: [    0.288456] pci_bus 0000:1c: resource 0 [io  0xb000-0xbfff]
Jan 18 19:55:31 ubuntu kernel: [    0.288457] pci_bus 0000:1c: resource 1 [mem 0xfcd00000-0xfcdfffff]
Jan 18 19:55:31 ubuntu kernel: [    0.288458] pci_bus 0000:1c: resource 2 [mem 0xe7300000-0xe73fffff 64bit pref]
Jan 18 19:55:31 ubuntu kernel: [    0.288460] pci_bus 0000:1d: resource 1 [mem 0xfc900000-0xfc9fffff]
Jan 18 19:55:31 ubuntu kernel: [    0.288461] pci_bus 0000:1d: resource 2 [mem 0xe6f00000-0xe6ffffff 64bit pref]
Jan 18 19:55:31 ubuntu kernel: [    0.288462] pci_bus 0000:1e: resource 1 [mem 0xfc500000-0xfc5fffff]
Jan 18 19:55:31 ubuntu kernel: [    0.288463] pci_bus 0000:1e: resource 2 [mem 0xe6b00000-0xe6bfffff 64bit pref]
Jan 18 19:55:31 ubuntu kernel: [    0.288465] pci_bus 0000:1f: resource 1 [mem 0xfc100000-0xfc1fffff]
Jan 18 19:55:31 ubuntu kernel: [    0.288466] pci_bus 0000:1f: resource 2 [mem 0xe6700000-0xe67fffff 64bit pref]
Jan 18 19:55:31 ubuntu kernel: [    0.288467] pci_bus 0000:20: resource 1 [mem 0xfbd00000-0xfbdfffff]
Jan 18 19:55:31 ubuntu kernel: [    0.288469] pci_bus 0000:20: resource 2 [mem 0xe6300000-0xe63fffff 64bit pref]
Jan 18 19:55:31 ubuntu kernel: [    0.288470] pci_bus 0000:21: resource 1 [mem 0xfb900000-0xfb9fffff]
Jan 18 19:55:31 ubuntu kernel: [    0.288471] pci_bus 0000:21: resource 2 [mem 0xe5f00000-0xe5ffffff 64bit pref]
Jan 18 19:55:31 ubuntu kernel: [    0.288472] pci_bus 0000:22: resource 1 [mem 0xfb500000-0xfb5fffff]
Jan 18 19:55:31 ubuntu kernel: [    0.288474] pci_bus 0000:22: resource 2 [mem 0xe5b00000-0xe5bfffff 64bit pref]
Jan 18 19:55:31 ubuntu kernel: [    0.288503] NET: Registered protocol family 2
Jan 18 19:55:31 ubuntu kernel: [    0.288603] TCP established hash table entries: 8192 (order: 3, 32768 bytes)
Jan 18 19:55:31 ubuntu kernel: [    0.288613] TCP bind hash table entries: 8192 (order: 4, 65536 bytes)
Jan 18 19:55:31 ubuntu kernel: [    0.288629] TCP: Hash tables configured (established 8192 bind 8192)
Jan 18 19:55:31 ubuntu kernel: [    0.288646] TCP: reno registered
Jan 18 19:55:31 ubuntu kernel: [    0.288648] UDP hash table entries: 512 (order: 2, 16384 bytes)
Jan 18 19:55:31 ubuntu kernel: [    0.288652] UDP-Lite hash table entries: 512 (order: 2, 16384 bytes)
Jan 18 19:55:31 ubuntu kernel: [    0.288680] NET: Registered protocol family 1
Jan 18 19:55:31 ubuntu kernel: [    0.288685] pci 0000:00:00.0: Limiting direct PCI/PCI transfers
Jan 18 19:55:31 ubuntu kernel: [    0.288745] pci 0000:00:0f.0: Boot video device
Jan 18 19:55:31 ubuntu kernel: [    0.288890] PCI: CLS 32 bytes, default 64
Jan 18 19:55:31 ubuntu kernel: [    0.288925] Trying to unpack rootfs image as initramfs...
Jan 18 19:55:31 ubuntu kernel: [    0.487555] Freeing initrd memory: 18276K (f5c3e000 - f6e17000)
Jan 18 19:55:31 ubuntu kernel: [    0.487640] Simple Boot Flag at 0x36 set to 0x1
Jan 18 19:55:31 ubuntu kernel: [    0.487674] Switched to clocksource tsc
Jan 18 19:55:31 ubuntu kernel: [    0.487726] microcode: CPU0 sig=0x306c3, pf=0x1, revision=0x1c
Jan 18 19:55:31 ubuntu kernel: [    0.487753] microcode: Microcode Update Driver: v2.00 <tigran@aivazian.fsnet.co.uk>, Peter Oruba
Jan 18 19:55:31 ubuntu kernel: [    0.487754] Scanning for low memory corruption every 60 seconds
Jan 18 19:55:31 ubuntu kernel: [    0.487992] Initialise system trusted keyring
Jan 18 19:55:31 ubuntu kernel: [    0.488018] audit: initializing netlink socket (disabled)
Jan 18 19:55:31 ubuntu kernel: [    0.488025] type=2000 audit(1421639728.468:1): initialized
Jan 18 19:55:31 ubuntu kernel: [    0.499744] bounce pool size: 64 pages
Jan 18 19:55:31 ubuntu kernel: [    0.499750] HugeTLB registered 2 MB page size, pre-allocated 0 pages
Jan 18 19:55:31 ubuntu kernel: [    0.499923] zbud: loaded
Jan 18 19:55:31 ubuntu kernel: [    0.499969] VFS: Disk quotas dquot_6.5.2
Jan 18 19:55:31 ubuntu kernel: [    0.499997] Dquot-cache hash table entries: 1024 (order 0, 4096 bytes)
Jan 18 19:55:31 ubuntu kernel: [    0.500103] fuse init (API version 7.22)
Jan 18 19:55:31 ubuntu kernel: [    0.500136] msgmni has been set to 1657
Jan 18 19:55:31 ubuntu kernel: [    0.500205] Key type big_key registered
Jan 18 19:55:31 ubuntu kernel: [    0.500898] Key type asymmetric registered
Jan 18 19:55:31 ubuntu kernel: [    0.500899] Asymmetric key parser 'x509' registered
Jan 18 19:55:31 ubuntu kernel: [    0.500919] Block layer SCSI generic (bsg) driver version 0.4 loaded (major 252)
Jan 18 19:55:31 ubuntu kernel: [    0.500963] io scheduler noop registered
Jan 18 19:55:31 ubuntu kernel: [    0.500965] io scheduler deadline registered (default)
Jan 18 19:55:31 ubuntu kernel: [    0.500977] io scheduler cfq registered
Jan 18 19:55:31 ubuntu kernel: [    0.501047] pcieport 0000:00:15.0: irq 40 for MSI/MSI-X
Jan 18 19:55:31 ubuntu kernel: [    0.501116] pcieport 0000:00:15.1: irq 41 for MSI/MSI-X
Jan 18 19:55:31 ubuntu kernel: [    0.501186] pcieport 0000:00:15.2: irq 42 for MSI/MSI-X
Jan 18 19:55:31 ubuntu kernel: [    0.501256] pcieport 0000:00:15.3: irq 43 for MSI/MSI-X
Jan 18 19:55:31 ubuntu kernel: [    0.501325] pcieport 0000:00:15.4: irq 44 for MSI/MSI-X
Jan 18 19:55:31 ubuntu kernel: [    0.501395] pcieport 0000:00:15.5: irq 45 for MSI/MSI-X
Jan 18 19:55:31 ubuntu kernel: [    0.501464] pcieport 0000:00:15.6: irq 46 for MSI/MSI-X
Jan 18 19:55:31 ubuntu kernel: [    0.501534] pcieport 0000:00:15.7: irq 47 for MSI/MSI-X
Jan 18 19:55:31 ubuntu kernel: [    0.501603] pcieport 0000:00:16.0: irq 48 for MSI/MSI-X
Jan 18 19:55:31 ubuntu kernel: [    0.501673] pcieport 0000:00:16.1: irq 49 for MSI/MSI-X
Jan 18 19:55:31 ubuntu kernel: [    0.501742] pcieport 0000:00:16.2: irq 50 for MSI/MSI-X
Jan 18 19:55:31 ubuntu kernel: [    0.501812] pcieport 0000:00:16.3: irq 51 for MSI/MSI-X
Jan 18 19:55:31 ubuntu kernel: [    0.501881] pcieport 0000:00:16.4: irq 52 for MSI/MSI-X
Jan 18 19:55:31 ubuntu kernel: [    0.501951] pcieport 0000:00:16.5: irq 53 for MSI/MSI-X
Jan 18 19:55:31 ubuntu kernel: [    0.502021] pcieport 0000:00:16.6: irq 54 for MSI/MSI-X
Jan 18 19:55:31 ubuntu kernel: [    0.502090] pcieport 0000:00:16.7: irq 55 for MSI/MSI-X
Jan 18 19:55:31 ubuntu kernel: [    0.502160] pcieport 0000:00:17.0: irq 56 for MSI/MSI-X
Jan 18 19:55:31 ubuntu kernel: [    0.502229] pcieport 0000:00:17.1: irq 57 for MSI/MSI-X
Jan 18 19:55:31 ubuntu kernel: [    0.502299] pcieport 0000:00:17.2: irq 58 for MSI/MSI-X
Jan 18 19:55:31 ubuntu kernel: [    0.502368] pcieport 0000:00:17.3: irq 59 for MSI/MSI-X
Jan 18 19:55:31 ubuntu kernel: [    0.502438] pcieport 0000:00:17.4: irq 60 for MSI/MSI-X
Jan 18 19:55:31 ubuntu kernel: [    0.502507] pcieport 0000:00:17.5: irq 61 for MSI/MSI-X
Jan 18 19:55:31 ubuntu kernel: [    0.502577] pcieport 0000:00:17.6: irq 62 for MSI/MSI-X
Jan 18 19:55:31 ubuntu kernel: [    0.502646] pcieport 0000:00:17.7: irq 63 for MSI/MSI-X
Jan 18 19:55:31 ubuntu kernel: [    0.502716] pcieport 0000:00:18.0: irq 64 for MSI/MSI-X
Jan 18 19:55:31 ubuntu kernel: [    0.502786] pcieport 0000:00:18.1: irq 65 for MSI/MSI-X
Jan 18 19:55:31 ubuntu kernel: [    0.502855] pcieport 0000:00:18.2: irq 66 for MSI/MSI-X
Jan 18 19:55:31 ubuntu kernel: [    0.502925] pcieport 0000:00:18.3: irq 67 for MSI/MSI-X
Jan 18 19:55:31 ubuntu kernel: [    0.502994] pcieport 0000:00:18.4: irq 68 for MSI/MSI-X
Jan 18 19:55:31 ubuntu kernel: [    0.503064] pcieport 0000:00:18.5: irq 69 for MSI/MSI-X
Jan 18 19:55:31 ubuntu kernel: [    0.503133] pcieport 0000:00:18.6: irq 70 for MSI/MSI-X
Jan 18 19:55:31 ubuntu kernel: [    0.503670] pcieport 0000:00:18.7: irq 71 for MSI/MSI-X
Jan 18 19:55:31 ubuntu kernel: [    0.503740] pcieport 0000:00:15.0: Signaling PME through PCIe PME interrupt
Jan 18 19:55:31 ubuntu kernel: [    0.503761] pcie_pme 0000:00:15.0:pcie01: service driver pcie_pme loaded
Jan 18 19:55:31 ubuntu kernel: [    0.503830] pcieport 0000:00:15.1: Signaling PME through PCIe PME interrupt
Jan 18 19:55:31 ubuntu kernel: [    0.503850] pcie_pme 0000:00:15.1:pcie01: service driver pcie_pme loaded
Jan 18 19:55:31 ubuntu kernel: [    0.503919] pcieport 0000:00:15.2: Signaling PME through PCIe PME interrupt
Jan 18 19:55:31 ubuntu kernel: [    0.503939] pcie_pme 0000:00:15.2:pcie01: service driver pcie_pme loaded
Jan 18 19:55:31 ubuntu kernel: [    0.504008] pcieport 0000:00:15.3: Signaling PME through PCIe PME interrupt
Jan 18 19:55:31 ubuntu kernel: [    0.504031] pcie_pme 0000:00:15.3:pcie01: service driver pcie_pme loaded
Jan 18 19:55:31 ubuntu kernel: [    0.504101] pcieport 0000:00:15.4: Signaling PME through PCIe PME interrupt
Jan 18 19:55:31 ubuntu kernel: [    0.504120] pcie_pme 0000:00:15.4:pcie01: service driver pcie_pme loaded
Jan 18 19:55:31 ubuntu kernel: [    0.504190] pcieport 0000:00:15.5: Signaling PME through PCIe PME interrupt
Jan 18 19:55:31 ubuntu kernel: [    0.504209] pcie_pme 0000:00:15.5:pcie01: service driver pcie_pme loaded
Jan 18 19:55:31 ubuntu kernel: [    0.504278] pcieport 0000:00:15.6: Signaling PME through PCIe PME interrupt
Jan 18 19:55:31 ubuntu kernel: [    0.504296] pcie_pme 0000:00:15.6:pcie01: service driver pcie_pme loaded
Jan 18 19:55:31 ubuntu kernel: [    0.504366] pcieport 0000:00:15.7: Signaling PME through PCIe PME interrupt
Jan 18 19:55:31 ubuntu kernel: [    0.504385] pcie_pme 0000:00:15.7:pcie01: service driver pcie_pme loaded
Jan 18 19:55:31 ubuntu kernel: [    0.504454] pcieport 0000:00:16.0: Signaling PME through PCIe PME interrupt
Jan 18 19:55:31 ubuntu kernel: [    0.504487] pcie_pme 0000:00:16.0:pcie01: service driver pcie_pme loaded
Jan 18 19:55:31 ubuntu kernel: [    0.504557] pcieport 0000:00:16.1: Signaling PME through PCIe PME interrupt
Jan 18 19:55:31 ubuntu kernel: [    0.504576] pcie_pme 0000:00:16.1:pcie01: service driver pcie_pme loaded
Jan 18 19:55:31 ubuntu kernel: [    0.504645] pcieport 0000:00:16.2: Signaling PME through PCIe PME interrupt
